Archive member included to satisfy reference by file (symbol)

D:/ST/STM32CubeIDE_1.12.1/STM32CubeIDE/plugins/com.st.stm32cube.ide.mcu.externaltools.gnu-tools-for-stm32.12.3.rel1.win32_1.0.100.202403111256/tools/bin/../lib/gcc/arm-none-eabi/12.3.1/../../../../arm-none-eabi/lib/thumb/v7e-m+fp/hard\libc_nano.a(libc_a-exit.o)
                              D:/ST/STM32CubeIDE_1.12.1/STM32CubeIDE/plugins/com.st.stm32cube.ide.mcu.externaltools.gnu-tools-for-stm32.12.3.rel1.win32_1.0.100.202403111256/tools/bin/../lib/gcc/arm-none-eabi/12.3.1/../../../../arm-none-eabi/lib/thumb/v7e-m+fp/hard/crt0.o (exit)
D:/ST/STM32CubeIDE_1.12.1/STM32CubeIDE/plugins/com.st.stm32cube.ide.mcu.externaltools.gnu-tools-for-stm32.12.3.rel1.win32_1.0.100.202403111256/tools/bin/../lib/gcc/arm-none-eabi/12.3.1/../../../../arm-none-eabi/lib/thumb/v7e-m+fp/hard\libc_nano.a(libc_a-findfp.o)
                              D:/ST/STM32CubeIDE_1.12.1/STM32CubeIDE/plugins/com.st.stm32cube.ide.mcu.externaltools.gnu-tools-for-stm32.12.3.rel1.win32_1.0.100.202403111256/tools/bin/../lib/gcc/arm-none-eabi/12.3.1/../../../../arm-none-eabi/lib/thumb/v7e-m+fp/hard\libc_nano.a(libc_a-exit.o) (__stdio_exit_handler)
D:/ST/STM32CubeIDE_1.12.1/STM32CubeIDE/plugins/com.st.stm32cube.ide.mcu.externaltools.gnu-tools-for-stm32.12.3.rel1.win32_1.0.100.202403111256/tools/bin/../lib/gcc/arm-none-eabi/12.3.1/../../../../arm-none-eabi/lib/thumb/v7e-m+fp/hard\libc_nano.a(libc_a-fwalk.o)
                              D:/ST/STM32CubeIDE_1.12.1/STM32CubeIDE/plugins/com.st.stm32cube.ide.mcu.externaltools.gnu-tools-for-stm32.12.3.rel1.win32_1.0.100.202403111256/tools/bin/../lib/gcc/arm-none-eabi/12.3.1/../../../../arm-none-eabi/lib/thumb/v7e-m+fp/hard\libc_nano.a(libc_a-findfp.o) (_fwalk_sglue)
D:/ST/STM32CubeIDE_1.12.1/STM32CubeIDE/plugins/com.st.stm32cube.ide.mcu.externaltools.gnu-tools-for-stm32.12.3.rel1.win32_1.0.100.202403111256/tools/bin/../lib/gcc/arm-none-eabi/12.3.1/../../../../arm-none-eabi/lib/thumb/v7e-m+fp/hard\libc_nano.a(libc_a-printf.o)
                              ./Core/Src/main.o (printf)
D:/ST/STM32CubeIDE_1.12.1/STM32CubeIDE/plugins/com.st.stm32cube.ide.mcu.externaltools.gnu-tools-for-stm32.12.3.rel1.win32_1.0.100.202403111256/tools/bin/../lib/gcc/arm-none-eabi/12.3.1/../../../../arm-none-eabi/lib/thumb/v7e-m+fp/hard\libc_nano.a(libc_a-sprintf.o)
                              ./Core/Src/main.o (sprintf)
D:/ST/STM32CubeIDE_1.12.1/STM32CubeIDE/plugins/com.st.stm32cube.ide.mcu.externaltools.gnu-tools-for-stm32.12.3.rel1.win32_1.0.100.202403111256/tools/bin/../lib/gcc/arm-none-eabi/12.3.1/../../../../arm-none-eabi/lib/thumb/v7e-m+fp/hard\libc_nano.a(libc_a-stdio.o)
                              D:/ST/STM32CubeIDE_1.12.1/STM32CubeIDE/plugins/com.st.stm32cube.ide.mcu.externaltools.gnu-tools-for-stm32.12.3.rel1.win32_1.0.100.202403111256/tools/bin/../lib/gcc/arm-none-eabi/12.3.1/../../../../arm-none-eabi/lib/thumb/v7e-m+fp/hard\libc_nano.a(libc_a-findfp.o) (__sread)
D:/ST/STM32CubeIDE_1.12.1/STM32CubeIDE/plugins/com.st.stm32cube.ide.mcu.externaltools.gnu-tools-for-stm32.12.3.rel1.win32_1.0.100.202403111256/tools/bin/../lib/gcc/arm-none-eabi/12.3.1/../../../../arm-none-eabi/lib/thumb/v7e-m+fp/hard\libc_nano.a(libc_a-memset.o)
                              D:/ST/STM32CubeIDE_1.12.1/STM32CubeIDE/plugins/com.st.stm32cube.ide.mcu.externaltools.gnu-tools-for-stm32.12.3.rel1.win32_1.0.100.202403111256/tools/bin/../lib/gcc/arm-none-eabi/12.3.1/../../../../arm-none-eabi/lib/thumb/v7e-m+fp/hard/crt0.o (memset)
D:/ST/STM32CubeIDE_1.12.1/STM32CubeIDE/plugins/com.st.stm32cube.ide.mcu.externaltools.gnu-tools-for-stm32.12.3.rel1.win32_1.0.100.202403111256/tools/bin/../lib/gcc/arm-none-eabi/12.3.1/../../../../arm-none-eabi/lib/thumb/v7e-m+fp/hard\libc_nano.a(libc_a-closer.o)
                              D:/ST/STM32CubeIDE_1.12.1/STM32CubeIDE/plugins/com.st.stm32cube.ide.mcu.externaltools.gnu-tools-for-stm32.12.3.rel1.win32_1.0.100.202403111256/tools/bin/../lib/gcc/arm-none-eabi/12.3.1/../../../../arm-none-eabi/lib/thumb/v7e-m+fp/hard\libc_nano.a(libc_a-stdio.o) (_close_r)
D:/ST/STM32CubeIDE_1.12.1/STM32CubeIDE/plugins/com.st.stm32cube.ide.mcu.externaltools.gnu-tools-for-stm32.12.3.rel1.win32_1.0.100.202403111256/tools/bin/../lib/gcc/arm-none-eabi/12.3.1/../../../../arm-none-eabi/lib/thumb/v7e-m+fp/hard\libc_nano.a(libc_a-reent.o)
                              D:/ST/STM32CubeIDE_1.12.1/STM32CubeIDE/plugins/com.st.stm32cube.ide.mcu.externaltools.gnu-tools-for-stm32.12.3.rel1.win32_1.0.100.202403111256/tools/bin/../lib/gcc/arm-none-eabi/12.3.1/../../../../arm-none-eabi/lib/thumb/v7e-m+fp/hard\libc_nano.a(libc_a-closer.o) (errno)
D:/ST/STM32CubeIDE_1.12.1/STM32CubeIDE/plugins/com.st.stm32cube.ide.mcu.externaltools.gnu-tools-for-stm32.12.3.rel1.win32_1.0.100.202403111256/tools/bin/../lib/gcc/arm-none-eabi/12.3.1/../../../../arm-none-eabi/lib/thumb/v7e-m+fp/hard\libc_nano.a(libc_a-impure.o)
[...]
Memory Configuration

Name             Origin             Length             Attributes
CCMRAM           0x10000000         0x00010000         xrw
RAM              0x20000000         0x00020000         xrw
FLASH            0x08000000         0x00080000         xr
*default*        0x00000000         0xffffffff

Linker script and memory map

LOAD D:/ST/STM32CubeIDE_1.12.1/STM32CubeIDE/plugins/com.st.stm32cube.ide.mcu.externaltools.gnu-tools-for-stm32.12.3.rel1.win32_1.0.100.202403111256/tools/bin/../lib/gcc/arm-none-eabi/12.3.1/thumb/v7e-m+fp/hard/crti.o
LOAD D:/ST/STM32CubeIDE_1.12.1/STM32CubeIDE/plugins/com.st.stm32cube.ide.mcu.externaltools.gnu-tools-for-stm32.12.3.rel1.win32_1.0.100.202403111256/tools/bin/../lib/gcc/arm-none-eabi/12.3.1/thumb/v7e-m+fp/hard/crtbegin.o
LOAD D:/ST/STM32CubeIDE_1.12.1/STM32CubeIDE/plugins/com.st.stm32cube.ide.mcu.externaltools.gnu-tools-for-stm32.12.3.rel1.win32_1.0.100.202403111256/tools/bin/../lib/gcc/arm-none-eabi/12.3.1/../../../../arm-none-eabi/lib/thumb/v7e-m+fp/hard/crt0.o
LOAD ./Core/Src/main.o
LOAD ./Core/Src/stm32f4xx_hal_msp.o
LOAD ./Core/Src/stm32f4xx_it.o
LOAD ./Core/Src/syscalls.o
LOAD ./Core/Src/sysmem.o
LOAD ./Core/Src/system_stm32f4xx.o
LOAD ./Core/Startup/startup_stm32f407vetx.o
LOAD ./Drivers/STM32F4xx_HAL_Driver/Src/stm32f4xx_hal.o
LOAD ./Drivers/STM32F4xx_HAL_Driver/Src/stm32f4xx_hal_cortex.o
LOAD ./Drivers/STM32F4xx_HAL_Driver/Src/stm32f4xx_hal_dma.o
LOAD ./Drivers/STM32F4xx_HAL_Driver/Src/stm32f4xx_hal_dma_ex.o
LOAD ./Drivers/STM32F4xx_HAL_Driver/Src/stm32f4xx_hal_exti.o
LOAD ./Drivers/STM32F4xx_HAL_Driver/Src/stm32f4xx_hal_flash.o
LOAD ./Drivers/STM32F4xx_HAL_Driver/Src/stm32f4xx_hal_flash_ex.o
LOAD ./Drivers/STM32F4xx_HAL_Driver/Src/stm32f4xx_hal_flash_ramfunc.o
LOAD ./Drivers/STM32F4xx_HAL_Driver/Src/stm32f4xx_hal_gpio.o
LOAD ./Drivers/STM32F4xx_HAL_Driver/Src/stm32f4xx_hal_pwr.o
LOAD ./Drivers/STM32F4xx_HAL_Driver/Src/stm32f4xx_hal_pwr_ex.o
LOAD ./Drivers/STM32F4xx_HAL_Driver/Src/stm32f4xx_hal_rcc.o
LOAD ./Drivers/STM32F4xx_HAL_Driver/Src/stm32f4xx_hal_rcc_ex.o
LOAD ./Drivers/STM32F4xx_HAL_Driver/Src/stm32f4xx_hal_rtc.o
LOAD ./Drivers/STM32F4xx_HAL_Driver/Src/stm32f4xx_hal_rtc_ex.o
LOAD ./Drivers/STM32F4xx_HAL_Driver/Src/stm32f4xx_hal_sd.o
LOAD ./Drivers/STM32F4xx_HAL_Driver/Src/stm32f4xx_hal_tim.o
LOAD ./Drivers/STM32F4xx_HAL_Driver/Src/stm32f4xx_hal_tim_ex.o
LOAD ./Drivers/STM32F4xx_HAL_Driver/Src/stm32f4xx_ll_sdmmc.o
LOAD ./FATFS/App/fatfs.o
LOAD ./FATFS/Target/bsp_driver_sd.o
LOAD ./FATFS/Target/sd_diskio.o
LOAD ./Middlewares/Third_Party/FatFs/src/diskio.o
LOAD ./Middlewares/Third_Party/FatFs/src/ff.o
LOAD ./Middlewares/Third_Party/FatFs/src/ff_gen_drv.o
LOAD ./Middlewares/Third_Party/FatFs/src/option/syscall.o
START GROUP
LOAD D:/ST/STM32CubeIDE_1.12.1/STM32CubeIDE/plugins/com.st.stm32cube.ide.mcu.externaltools.gnu-tools-for-stm32.12.3.rel1.win32_1.0.100.202403111256/tools/bin/../lib/gcc/arm-none-eabi/12.3.1/../../../../arm-none-eabi/lib/thumb/v7e-m+fp/hard\libc_nano.a
LOAD D:/ST/STM32CubeIDE_1.12.1/STM32CubeIDE/plugins/com.st.stm32cube.ide.mcu.externaltools.gnu-tools-for-stm32.12.3.rel1.win32_1.0.100.202403111256/tools/bin/../lib/gcc/arm-none-eabi/12.3.1/../../../../arm-none-eabi/lib/thumb/v7e-m+fp/hard\libm.a
END GROUP
START GROUP
LOAD D:/ST/STM32CubeIDE_1.12.1/STM32CubeIDE/plugins/com.st.stm32cube.ide.mcu.externaltools.gnu-tools-for-stm32.12.3.rel1.win32_1.0.100.202403111256/tools/bin/../lib/gcc/arm-none-eabi/12.3.1/thumb/v7e-m+fp/hard\libgcc.a
LOAD D:/ST/STM32CubeIDE_1.12.1/STM32CubeIDE/plugins/com.st.stm32cube.ide.mcu.externaltools.gnu-tools-for-stm32.12.3.rel1.win32_1.0.100.202403111256/tools/bin/../lib/gcc/arm-none-eabi/12.3.1/../../../../arm-none-eabi/lib/thumb/v7e-m+fp/hard\libc_nano.a
END GROUP
START GROUP
LOAD D:/ST/STM32CubeIDE_1.12.1/STM32CubeIDE/plugins/com.st.stm32cube.ide.mcu.externaltools.gnu-tools-for-stm32.12.3.rel1.win32_1.0.100.202403111256/tools/bin/../lib/gcc/arm-none-eabi/12.3.1/thumb/v7e-m+fp/hard\libgcc.a
LOAD D:/ST/STM32CubeIDE_1.12.1/STM32CubeIDE/plugins/com.st.stm32cube.ide.mcu.externaltools.gnu-tools-for-stm32.12.3.rel1.win32_1.0.100.202403111256/tools/bin/../lib/gcc/arm-none-eabi/12.3.1/../../../../arm-none-eabi/lib/thumb/v7e-m+fp/hard\libc_nano.a
LOAD D:/ST/STM32CubeIDE_1.12.1/STM32CubeIDE/plugins/com.st.stm32cube.ide.mcu.externaltools.gnu-tools-for-stm32.12.3.rel1.win32_1.0.100.202403111256/tools/bin/../lib/gcc/arm-none-eabi/12.3.1/../../../../arm-none-eabi/lib/thumb/v7e-m+fp/hard\libnosys.a
END GROUP
START GROUP
LOAD D:/ST/STM32CubeIDE_1.12.1/STM32CubeIDE/plugins/com.st.stm32cube.ide.mcu.externaltools.gnu-tools-for-stm32.12.3.rel1.win32_1.0.100.202403111256/tools/bin/../lib/gcc/arm-none-eabi/12.3.1/thumb/v7e-m+fp/hard\libgcc.a
LOAD D:/ST/STM32CubeIDE_1.12.1/STM32CubeIDE/plugins/com.st.stm32cube.ide.mcu.externaltools.gnu-tools-for-stm32.12.3.rel1.win32_1.0.100.202403111256/tools/bin/../lib/gcc/arm-none-eabi/12.3.1/../../../../arm-none-eabi/lib/thumb/v7e-m+fp/hard\libc_nano.a
LOAD D:/ST/STM32CubeIDE_1.12.1/STM32CubeIDE/plugins/com.st.stm32cube.ide.mcu.externaltools.gnu-tools-for-stm32.12.3.rel1.win32_1.0.100.202403111256/tools/bin/../lib/gcc/arm-none-eabi/12.3.1/../../../../arm-none-eabi/lib/thumb/v7e-m+fp/hard\libnosys.a
END GROUP
LOAD D:/ST/STM32CubeIDE_1.12.1/STM32CubeIDE/plugins/com.st.stm32cube.ide.mcu.externaltools.gnu-tools-for-stm32.12.3.rel1.win32_1.0.100.202403111256/tools/bin/../lib/gcc/arm-none-eabi/12.3.1/thumb/v7e-m+fp/hard/crtend.o
LOAD D:/ST/STM32CubeIDE_1.12.1/STM32CubeIDE/plugins/com.st.stm32cube.ide.mcu.externaltools.gnu-tools-for-stm32.12.3.rel1.win32_1.0.100.202403111256/tools/bin/../lib/gcc/arm-none-eabi/12.3.1/thumb/v7e-m+fp/hard/crtn.o
                0x20020000                        _estack = (ORIGIN (RAM) + LENGTH (RAM))
                0x00000200                        _Min_Heap_Size = 0x200
                0x00000400                        _Min_Stack_Size = 0x400

.isr_vector     0x08000000      0x188
                0x08000000                        . = ALIGN (0x4)
 *(.isr_vector)
 .isr_vector    0x08000000      0x188 ./Core/Startup/startup_stm32f407vetx.o
                0x08000000                g_pfnVectors
                0x08000188                        . = ALIGN (0x4)

.text           0x08000190     0x7e38
                0x08000190                        . = ALIGN (0x4)
 *(.text)
 .text          0x08000190       0x40 D:/ST/STM32CubeIDE_1.12.1/STM32CubeIDE/plugins/com.st.stm32cube.ide.mcu.externaltools.gnu-tools-for-stm32.12.3.rel1.win32_1.0.100.202403111256/tools/bin/../lib/gcc/arm-none-eabi/12.3.1/thumb/v7e-m+fp/hard/crtbegin.o
 .text          0x080001d0       0x10 D:/ST/STM32CubeIDE_1.12.1/STM32CubeIDE/plugins/com.st.stm32cube.ide.mcu.externaltools.gnu-tools-for-stm32.12.3.rel1.win32_1.0.100.202403111256/tools/bin/../lib/gcc/arm-none-eabi/12.3.1/../../../../arm-none-eabi/lib/thumb/v7e-m+fp/hard\libc_nano.a(libc_a-strlen.o)
                0x080001d0                strlen
 .text          0x080001e0       0xa0 D:/ST/STM32CubeIDE_1.12.1/STM32CubeIDE/plugins/com.st.stm32cube.ide.mcu.externaltools.gnu-tools-for-stm32.12.3.rel1.win32_1.0.100.202403111256/tools/bin/../lib/gcc/arm-none-eabi/12.3.1/../../../../arm-none-eabi/lib/thumb/v7e-m+fp/hard\libc_nano.a(libc_a-memchr.o)
                0x080001e0                memchr
 .text          0x08000280       0x30 D:/ST/STM32CubeIDE_1.12.1/STM32CubeIDE/plugins/com.st.stm32cube.ide.mcu.externaltools.gnu-tools-for-stm32.12.3.rel1.win32_1.0.100.202403111256/tools/bin/../lib/gcc/arm-none-eabi/12.3.1/thumb/v7e-m+fp/hard\libgcc.a(_aeabi_uldivmod.o)
                0x08000280                __aeabi_uldivmod
 .text          0x080002b0      0x2bc D:/ST/STM32CubeIDE_1.12.1/STM32CubeIDE/plugins/com.st.stm32cube.ide.mcu.externaltools.gnu-tools-for-stm32.12.3.rel1.win32_1.0.100.202403111256/tools/bin/../lib/gcc/arm-none-eabi/12.3.1/thumb/v7e-m+fp/hard\libgcc.a(_udivmoddi4.o)
                0x080002b0                __udivmoddi4
 .text          0x0800056c        0x4 D:/ST/STM32CubeIDE_1.12.1/STM32CubeIDE/plugins/com.st.stm32cube.ide.mcu.externaltools.gnu-tools-for-stm32.12.3.rel1.win32_1.0.100.202403111256/tools/bin/../lib/gcc/arm-none-eabi/12.3.1/thumb/v7e-m+fp/hard\libgcc.a(_dvmd_tls.o)
                0x0800056c                __aeabi_idiv0
                0x0800056c                __aeabi_ldiv0
 *(.text*)
 .text.main     0x08000570       0x28 ./Core/Src/main.o
                0x08000570                main
 .text.SystemClock_Config
                0x08000598       0xd8 ./Core/Src/main.o
                0x08000598                SystemClock_Config
 .text.MX_RTC_Init
                0x08000670       0xc8 ./Core/Src/main.o
 .text.MX_SDIO_SD_Init
                0x08000738       0x60 ./Core/Src/main.o
 .text.MX_DMA_Init
                0x08000798       0x50 ./Core/Src/main.o
 .text.MX_GPIO_Init
                0x080007e8       0x6c ./Core/Src/main.o
 .text.Test_SD_FATFS
                0x08000854       0x98 ./Core/Src/main.o
                0x08000854                Test_SD_FATFS
 .text.Error_Handler
                0x080008ec        0xc ./Core/Src/main.o
                0x080008ec                Error_Handler
 .text.HAL_MspInit
                0x080008f8       0x50 ./Core/Src/stm32f4xx_hal_msp.o
                0x080008f8                HAL_MspInit
 .text.HAL_RTC_MspInit
                0x08000948       0x54 ./Core/Src/stm32f4xx_hal_msp.o
                0x08000948                HAL_RTC_MspInit
 .text.HAL_SD_MspInit
                0x0800099c      0x1e0 ./Core/Src/stm32f4xx_hal_msp.o
                0x0800099c                HAL_SD_MspInit
 .text.NMI_Handler
                0x08000b7c        0x8 ./Core/Src/stm32f4xx_it.o
                0x08000b7c                NMI_Handler
 .text.HardFault_Handler
                0x08000b84        0x8 ./Core/Src/stm32f4xx_it.o
                0x08000b84                HardFault_Handler
 .text.MemManage_Handler
                0x08000b8c        0x8 ./Core/Src/stm32f4xx_it.o
                0x08000b8c                MemManage_Handler
 .text.BusFault_Handler
                0x08000b94        0x8 ./Core/Src/stm32f4xx_it.o
                0x08000b94                BusFault_Handler
 .text.UsageFault_Handler
                0x08000b9c        0x8 ./Core/Src/stm32f4xx_it.o
                0x08000b9c                UsageFault_Handler
 .text.SVC_Handler
                0x08000ba4        0xe ./Core/Src/stm32f4xx_it.o
                0x08000ba4                SVC_Handler
 .text.DebugMon_Handler
                0x08000bb2        0xe ./Core/Src/stm32f4xx_it.o
                0x08000bb2                DebugMon_Handler
 .text.PendSV_Handler
                0x08000bc0        0xe ./Core/Src/stm32f4xx_it.o
                0x08000bc0                PendSV_Handler
 .text.SysTick_Handler
                0x08000bce        0xc ./Core/Src/stm32f4xx_it.o
                0x08000bce                SysTick_Handler
 *fill*         0x08000bda        0x2 
 .text.SDIO_IRQHandler
                0x08000bdc       0x14 ./Core/Src/stm32f4xx_it.o
                0x08000bdc                SDIO_IRQHandler
 .text.DMA2_Stream3_IRQHandler
                0x08000bf0       0x14 ./Core/Src/stm32f4xx_it.o
                0x08000bf0                DMA2_Stream3_IRQHandler
 .text.DMA2_Stream6_IRQHandler
                0x08000c04       0x14 ./Core/Src/stm32f4xx_it.o
                0x08000c04                DMA2_Stream6_IRQHandler
 .text._sbrk    0x08000c18       0x6c ./Core/Src/sysmem.o
                0x08000c18                _sbrk
 .text.SystemInit
                0x08000c84       0x24 ./Core/Src/system_stm32f4xx.o
                0x08000c84                SystemInit
 .text.Reset_Handler
                0x08000ca8       0x50 ./Core/Startup/startup_stm32f407vetx.o
                0x08000ca8                Reset_Handler
 .text.Default_Handler
                0x08000cf8        0x2 ./Core/Startup/startup_stm32f407vetx.o
                0x08000cf8                RTC_Alarm_IRQHandler
                0x08000cf8                HASH_RNG_IRQHandler
                0x08000cf8                EXTI2_IRQHandler
                0x08000cf8                TIM8_CC_IRQHandler
                0x08000cf8                TIM1_CC_IRQHandler
                0x08000cf8                DMA2_Stream5_IRQHandler
                0x08000cf8                DMA1_Stream5_IRQHandler
                0x08000cf8                PVD_IRQHandler
                0x08000cf8                TAMP_STAMP_IRQHandler
                0x08000cf8                CAN2_RX1_IRQHandler
                0x08000cf8                EXTI3_IRQHandler
                0x08000cf8                TIM8_TRG_COM_TIM14_IRQHandler
                0x08000cf8                TIM1_UP_TIM10_IRQHandler
                0x08000cf8                TIM8_UP_TIM13_IRQHandler
                0x08000cf8                I2C3_ER_IRQHandler
                0x08000cf8                EXTI0_IRQHandler
                0x08000cf8                I2C2_EV_IRQHandler
                0x08000cf8                DMA1_Stream2_IRQHandler
                0x08000cf8                CAN1_RX0_IRQHandler
                0x08000cf8                FPU_IRQHandler
                0x08000cf8                OTG_HS_WKUP_IRQHandler
                0x08000cf8                CAN2_SCE_IRQHandler
                0x08000cf8                DMA2_Stream2_IRQHandler
                0x08000cf8                SPI1_IRQHandler
                0x08000cf8                TIM6_DAC_IRQHandler
                0x08000cf8                TIM1_BRK_TIM9_IRQHandler
                0x08000cf8                DCMI_IRQHandler
                0x08000cf8                CAN2_RX0_IRQHandler
                0x08000cf8                USART6_IRQHandler
                0x08000cf8                USART3_IRQHandler
                0x08000cf8                CAN1_RX1_IRQHandler
                0x08000cf8                UART5_IRQHandler
                0x08000cf8                DMA2_Stream0_IRQHandler
                0x08000cf8                TIM4_IRQHandler
                0x08000cf8                I2C1_EV_IRQHandler
                0x08000cf8                DMA1_Stream6_IRQHandler
                0x08000cf8                DMA1_Stream1_IRQHandler
                0x08000cf8                UART4_IRQHandler
                0x08000cf8                TIM3_IRQHandler
                0x08000cf8                RCC_IRQHandler
                0x08000cf8                TIM8_BRK_TIM12_IRQHandler
                0x08000cf8                Default_Handler
                0x08000cf8                EXTI15_10_IRQHandler
                0x08000cf8                ADC_IRQHandler
                0x08000cf8                DMA1_Stream7_IRQHandler
                0x08000cf8                TIM7_IRQHandler
                0x08000cf8                CAN2_TX_IRQHandler
                0x08000cf8                TIM5_IRQHandler
                0x08000cf8                DMA2_Stream7_IRQHandler
                0x08000cf8                I2C3_EV_IRQHandler
                0x08000cf8                EXTI9_5_IRQHandler
                0x08000cf8                RTC_WKUP_IRQHandler
                0x08000cf8                ETH_WKUP_IRQHandler
                0x08000cf8                SPI2_IRQHandler
                0x08000cf8                OTG_HS_EP1_IN_IRQHandler
                0x08000cf8                DMA1_Stream0_IRQHandler
                0x08000cf8                CAN1_TX_IRQHandler
                0x08000cf8                EXTI4_IRQHandler
                0x08000cf8                FSMC_IRQHandler
                0x08000cf8                ETH_IRQHandler
                0x08000cf8                OTG_HS_EP1_OUT_IRQHandler
                0x08000cf8                WWDG_IRQHandler
                0x08000cf8                TIM2_IRQHandler
                0x08000cf8                OTG_FS_WKUP_IRQHandler
                0x08000cf8                TIM1_TRG_COM_TIM11_IRQHandler
                0x08000cf8                OTG_HS_IRQHandler
                0x08000cf8                EXTI1_IRQHandler
                0x08000cf8                USART2_IRQHandler
                0x08000cf8                I2C2_ER_IRQHandler
                0x08000cf8                DMA2_Stream1_IRQHandler
                0x08000cf8                CAN1_SCE_IRQHandler
                0x08000cf8                FLASH_IRQHandler
                0x08000cf8                DMA2_Stream4_IRQHandler
                0x08000cf8                USART1_IRQHandler
                0x08000cf8                OTG_FS_IRQHandler
                0x08000cf8                SPI3_IRQHandler
                0x08000cf8                DMA1_Stream4_IRQHandler
                0x08000cf8                I2C1_ER_IRQHandler
                0x08000cf8                DMA1_Stream3_IRQHandler
 *fill*         0x08000cfa        0x2 
 .text.HAL_Init
                0x08000cfc       0x44 ./Drivers/STM32F4xx_HAL_Driver/Src/stm32f4xx_hal.o
                0x08000cfc                HAL_Init
 .text.HAL_InitTick
                0x08000d40       0x60 ./Drivers/STM32F4xx_HAL_Driver/Src/stm32f4xx_hal.o
                0x08000d40                HAL_InitTick
 .text.HAL_IncTick
                0x08000da0       0x28 ./Drivers/STM32F4xx_HAL_Driver/Src/stm32f4xx_hal.o
                0x08000da0                HAL_IncTick
 .text.HAL_GetTick
                0x08000dc8       0x18 ./Drivers/STM32F4xx_HAL_Driver/Src/stm32f4xx_hal.o
                0x08000dc8                HAL_GetTick
 .text.HAL_Delay
                0x08000de0       0x48 ./Drivers/STM32F4xx_HAL_Driver/Src/stm32f4xx_hal.o
                0x08000de0                HAL_Delay
 .text.__NVIC_SetPriorityGrouping
                0x08000e28       0x48 ./Drivers/STM32F4xx_HAL_Driver/Src/stm32f4xx_hal_cortex.o
 .text.__NVIC_GetPriorityGrouping
                0x08000e70       0x1c ./Drivers/STM32F4xx_HAL_Driver/Src/stm32f4xx_hal_cortex.o
 .text.__NVIC_EnableIRQ
                0x08000e8c       0x3c ./Drivers/STM32F4xx_HAL_Driver/Src/stm32f4xx_hal_cortex.o
 .text.__NVIC_SetPriority
                0x08000ec8       0x54 ./Drivers/STM32F4xx_HAL_Driver/Src/stm32f4xx_hal_cortex.o
 .text.NVIC_EncodePriority
                0x08000f1c       0x66 ./Drivers/STM32F4xx_HAL_Driver/Src/stm32f4xx_hal_cortex.o
 *fill*         0x08000f82        0x2 
 .text.SysTick_Config
                0x08000f84       0x44 ./Drivers/STM32F4xx_HAL_Driver/Src/stm32f4xx_hal_cortex.o
 .text.HAL_NVIC_SetPriorityGrouping
                0x08000fc8       0x16 ./Drivers/STM32F4xx_HAL_Driver/Src/stm32f4xx_hal_cortex.o
                0x08000fc8                HAL_NVIC_SetPriorityGrouping
 .text.HAL_NVIC_SetPriority
                0x08000fde       0x38 ./Drivers/STM32F4xx_HAL_Driver/Src/stm32f4xx_hal_cortex.o
                0x08000fde                HAL_NVIC_SetPriority
 .text.HAL_NVIC_EnableIRQ
                0x08001016       0x1c ./Drivers/STM32F4xx_HAL_Driver/Src/stm32f4xx_hal_cortex.o
                0x08001016                HAL_NVIC_EnableIRQ
 .text.HAL_SYSTICK_Config
                0x08001032       0x18 ./Drivers/STM32F4xx_HAL_Driver/Src/stm32f4xx_hal_cortex.o
                0x08001032                HAL_SYSTICK_Config
 *fill*         0x0800104a        0x2 
 .text.HAL_DMA_Init
                0x0800104c      0x15c ./Drivers/STM32F4xx_HAL_Driver/Src/stm32f4xx_hal_dma.o
                0x0800104c                HAL_DMA_Init
 .text.HAL_DMA_Start_IT
                0x080011a8       0xb0 ./Drivers/STM32F4xx_HAL_Driver/Src/stm32f4xx_hal_dma.o
                0x080011a8                HAL_DMA_Start_IT
 .text.HAL_DMA_Abort_IT
                0x08001258       0x44 ./Drivers/STM32F4xx_HAL_Driver/Src/stm32f4xx_hal_dma.o
                0x08001258                HAL_DMA_Abort_IT
 .text.HAL_DMA_IRQHandler
                0x0800129c      0x314 ./Drivers/STM32F4xx_HAL_Driver/Src/stm32f4xx_hal_dma.o
                0x0800129c                HAL_DMA_IRQHandler
 .text.HAL_DMA_GetError
                0x080015b0       0x18 ./Drivers/STM32F4xx_HAL_Driver/Src/stm32f4xx_hal_dma.o
                0x080015b0                HAL_DMA_GetError
 .text.DMA_SetConfig
                0x080015c8       0x5c ./Drivers/STM32F4xx_HAL_Driver/Src/stm32f4xx_hal_dma.o
 .text.DMA_CalcBaseAndBitshift
                0x08001624       0x6c ./Drivers/STM32F4xx_HAL_Driver/Src/stm32f4xx_hal_dma.o
 .text.DMA_CheckFifoParam
                0x08001690       0xf8 ./Drivers/STM32F4xx_HAL_Driver/Src/stm32f4xx_hal_dma.o
 .text.HAL_GPIO_Init
                0x08001788      0x338 ./Drivers/STM32F4xx_HAL_Driver/Src/stm32f4xx_hal_gpio.o
                0x08001788                HAL_GPIO_Init
 .text.HAL_RCC_OscConfig
                0x08001ac0      0x4f0 ./Drivers/STM32F4xx_HAL_Driver/Src/stm32f4xx_hal_rcc.o
                0x08001ac0                HAL_RCC_OscConfig
 .text.HAL_RCC_ClockConfig
                0x08001fb0      0x1cc ./Drivers/STM32F4xx_HAL_Driver/Src/stm32f4xx_hal_rcc.o
                0x08001fb0                HAL_RCC_ClockConfig
 .text.HAL_RCC_GetSysClockFreq
                0x0800217c      0x20c ./Drivers/STM32F4xx_HAL_Driver/Src/stm32f4xx_hal_rcc.o
                0x0800217c                HAL_RCC_GetSysClockFreq
 .text.HAL_RCCEx_PeriphCLKConfig
                0x08002388      0x1c4 ./Drivers/STM32F4xx_HAL_Driver/Src/stm32f4xx_hal_rcc_ex.o
                0x08002388                HAL_RCCEx_PeriphCLKConfig
 .text.HAL_RTC_Init
                0x0800254c      0x106 ./Drivers/STM32F4xx_HAL_Driver/Src/stm32f4xx_hal_rtc.o
                0x0800254c                HAL_RTC_Init
 .text.HAL_RTC_SetTime
                0x08002652      0x134 ./Drivers/STM32F4xx_HAL_Driver/Src/stm32f4xx_hal_rtc.o
                0x08002652                HAL_RTC_SetTime
 .text.HAL_RTC_SetDate
                0x08002786      0x108 ./Drivers/STM32F4xx_HAL_Driver/Src/stm32f4xx_hal_rtc.o
                0x08002786                HAL_RTC_SetDate
 *fill*         0x0800288e        0x2 
 .text.HAL_RTC_WaitForSynchro
                0x08002890       0x4c ./Drivers/STM32F4xx_HAL_Driver/Src/stm32f4xx_hal_rtc.o
                0x08002890                HAL_RTC_WaitForSynchro
 .text.RTC_EnterInitMode
                0x080028dc       0x6e ./Drivers/STM32F4xx_HAL_Driver/Src/stm32f4xx_hal_rtc.o
                0x080028dc                RTC_EnterInitMode
 .text.RTC_ExitInitMode
                0x0800294a       0x4a ./Drivers/STM32F4xx_HAL_Driver/Src/stm32f4xx_hal_rtc.o
                0x0800294a                RTC_ExitInitMode
 .text.RTC_ByteToBcd2
                0x08002994       0x3c ./Drivers/STM32F4xx_HAL_Driver/Src/stm32f4xx_hal_rtc.o
                0x08002994                RTC_ByteToBcd2
 .text.HAL_RTCEx_SetTimeStamp
                0x080029d0       0xce ./Drivers/STM32F4xx_HAL_Driver/Src/stm32f4xx_hal_rtc_ex.o
                0x080029d0                HAL_RTCEx_SetTimeStamp
 .text.HAL_SD_Init
                0x08002a9e       0x60 ./Drivers/STM32F4xx_HAL_Driver/Src/stm32f4xx_hal_sd.o
                0x08002a9e                HAL_SD_Init
 *fill*         0x08002afe        0x2 
 .text.HAL_SD_InitCard
                0x08002b00      0x100 ./Drivers/STM32F4xx_HAL_Driver/Src/stm32f4xx_hal_sd.o
                0x08002b00                HAL_SD_InitCard
 .text.HAL_SD_ReadBlocks_DMA
                0x08002c00      0x1c4 ./Drivers/STM32F4xx_HAL_Driver/Src/stm32f4xx_hal_sd.o
                0x08002c00                HAL_SD_ReadBlocks_DMA
 .text.HAL_SD_WriteBlocks_DMA
                0x08002dc4      0x1cc ./Drivers/STM32F4xx_HAL_Driver/Src/stm32f4xx_hal_sd.o
                0x08002dc4                HAL_SD_WriteBlocks_DMA
 .text.HAL_SD_IRQHandler
                0x08002f90      0x30c ./Drivers/STM32F4xx_HAL_Driver/Src/stm32f4xx_hal_sd.o
                0x08002f90                HAL_SD_IRQHandler
 .text.HAL_SD_ErrorCallback
                0x0800329c       0x14 ./Drivers/STM32F4xx_HAL_Driver/Src/stm32f4xx_hal_sd.o
                0x0800329c                HAL_SD_ErrorCallback
 .text.HAL_SD_GetCardCSD
                0x080032b0      0x348 ./Drivers/STM32F4xx_HAL_Driver/Src/stm32f4xx_hal_sd.o
                0x080032b0                HAL_SD_GetCardCSD
 .text.HAL_SD_GetCardInfo
                0x080035f8       0x58 ./Drivers/STM32F4xx_HAL_Driver/Src/stm32f4xx_hal_sd.o
                0x080035f8                HAL_SD_GetCardInfo
 .text.HAL_SD_ConfigWideBusOperation
                0x08003650      0x134 ./Drivers/STM32F4xx_HAL_Driver/Src/stm32f4xx_hal_sd.o
                0x08003650                HAL_SD_ConfigWideBusOperation
 .text.HAL_SD_GetCardState
                0x08003784       0x40 ./Drivers/STM32F4xx_HAL_Driver/Src/stm32f4xx_hal_sd.o
                0x08003784                HAL_SD_GetCardState
 .text.SD_DMATransmitCplt
                0x080037c4       0x2a ./Drivers/STM32F4xx_HAL_Driver/Src/stm32f4xx_hal_sd.o
 .text.SD_DMAReceiveCplt
                0x080037ee       0x70 ./Drivers/STM32F4xx_HAL_Driver/Src/stm32f4xx_hal_sd.o
 *fill*         0x0800385e        0x2 
 .text.SD_DMAError
                0x08003860       0xa4 ./Drivers/STM32F4xx_HAL_Driver/Src/stm32f4xx_hal_sd.o
 .text.SD_DMATxAbort
                0x08003904       0x6e ./Drivers/STM32F4xx_HAL_Driver/Src/stm32f4xx_hal_sd.o
 .text.SD_DMARxAbort
                0x08003972       0x6e ./Drivers/STM32F4xx_HAL_Driver/Src/stm32f4xx_hal_sd.o
 .text.SD_InitCard
                0x080039e0      0x19c ./Drivers/STM32F4xx_HAL_Driver/Src/stm32f4xx_hal_sd.o
 .text.SD_PowerON
                0x08003b7c      0x11c ./Drivers/STM32F4xx_HAL_Driver/Src/stm32f4xx_hal_sd.o
 .text.SD_SendStatus
                0x08003c98       0x50 ./Drivers/STM32F4xx_HAL_Driver/Src/stm32f4xx_hal_sd.o
 .text.SD_WideBus_Enable
                0x08003ce8       0x96 ./Drivers/STM32F4xx_HAL_Driver/Src/stm32f4xx_hal_sd.o
 .text.SD_WideBus_Disable
                0x08003d7e       0x96 ./Drivers/STM32F4xx_HAL_Driver/Src/stm32f4xx_hal_sd.o
 .text.SD_FindSCR
                0x08003e14      0x1b4 ./Drivers/STM32F4xx_HAL_Driver/Src/stm32f4xx_hal_sd.o
 .text.SD_Read_IT
                0x08003fc8       0xa2 ./Drivers/STM32F4xx_HAL_Driver/Src/stm32f4xx_hal_sd.o
 .text.SD_Write_IT
                0x0800406a       0xaa ./Drivers/STM32F4xx_HAL_Driver/Src/stm32f4xx_hal_sd.o
 .text.SDIO_Init
                0x08004114       0x56 ./Drivers/STM32F4xx_HAL_Driver/Src/stm32f4xx_ll_sdmmc.o
                0x08004114                SDIO_Init
 .text.SDIO_ReadFIFO
                0x0800416a       0x1a ./Drivers/STM32F4xx_HAL_Driver/Src/stm32f4xx_ll_sdmmc.o
                0x0800416a                SDIO_ReadFIFO
 .text.SDIO_WriteFIFO
                0x08004184       0x22 ./Drivers/STM32F4xx_HAL_Driver/Src/stm32f4xx_ll_sdmmc.o
                0x08004184                SDIO_WriteFIFO
 .text.SDIO_PowerState_ON
                0x080041a6       0x1c ./Drivers/STM32F4xx_HAL_Driver/Src/stm32f4xx_ll_sdmmc.o
                0x080041a6                SDIO_PowerState_ON
 .text.SDIO_GetPowerState
                0x080041c2       0x1c ./Drivers/STM32F4xx_HAL_Driver/Src/stm32f4xx_ll_sdmmc.o
                0x080041c2                SDIO_GetPowerState
 .text.SDIO_SendCommand
                0x080041de       0x54 ./Drivers/STM32F4xx_HAL_Driver/Src/stm32f4xx_ll_sdmmc.o
                0x080041de                SDIO_SendCommand
 .text.SDIO_GetCommandResponse
                0x08004232       0x1a ./Drivers/STM32F4xx_HAL_Driver/Src/stm32f4xx_ll_sdmmc.o
                0x08004232                SDIO_GetCommandResponse
 .text.SDIO_GetResponse
                0x0800424c       0x26 ./Drivers/STM32F4xx_HAL_Driver/Src/stm32f4xx_ll_sdmmc.o
                0x0800424c                SDIO_GetResponse
 .text.SDIO_ConfigData
                0x08004272       0x58 ./Drivers/STM32F4xx_HAL_Driver/Src/stm32f4xx_ll_sdmmc.o
                0x08004272                SDIO_ConfigData
 .text.SDMMC_CmdBlockLength
                0x080042ca       0x44 ./Drivers/STM32F4xx_HAL_Driver/Src/stm32f4xx_ll_sdmmc.o
                0x080042ca                SDMMC_CmdBlockLength
 .text.SDMMC_CmdReadSingleBlock
                0x0800430e       0x44 ./Drivers/STM32F4xx_HAL_Driver/Src/stm32f4xx_ll_sdmmc.o
                0x0800430e                SDMMC_CmdReadSingleBlock
 .text.SDMMC_CmdReadMultiBlock
                0x08004352       0x44 ./Drivers/STM32F4xx_HAL_Driver/Src/stm32f4xx_ll_sdmmc.o
                0x08004352                SDMMC_CmdReadMultiBlock
 .text.SDMMC_CmdWriteSingleBlock
                0x08004396       0x44 ./Drivers/STM32F4xx_HAL_Driver/Src/stm32f4xx_ll_sdmmc.o
                0x08004396                SDMMC_CmdWriteSingleBlock
 .text.SDMMC_CmdWriteMultiBlock
                0x080043da       0x44 ./Drivers/STM32F4xx_HAL_Driver/Src/stm32f4xx_ll_sdmmc.o
                0x080043da                SDMMC_CmdWriteMultiBlock
 *fill*         0x0800441e        0x2 
 .text.SDMMC_CmdStopTransfer
                0x08004420       0x44 ./Drivers/STM32F4xx_HAL_Driver/Src/stm32f4xx_ll_sdmmc.o
                0x08004420                SDMMC_CmdStopTransfer
 .text.SDMMC_CmdSelDesel
                0x08004464       0x46 ./Drivers/STM32F4xx_HAL_Driver/Src/stm32f4xx_ll_sdmmc.o
                0x08004464                SDMMC_CmdSelDesel
 .text.SDMMC_CmdGoIdleState
                0x080044aa       0x3c ./Drivers/STM32F4xx_HAL_Driver/Src/stm32f4xx_ll_sdmmc.o
                0x080044aa                SDMMC_CmdGoIdleState
 .text.SDMMC_CmdOperCond
                0x080044e6       0x3e ./Drivers/STM32F4xx_HAL_Driver/Src/stm32f4xx_ll_sdmmc.o
                0x080044e6                SDMMC_CmdOperCond
 .text.SDMMC_CmdAppCommand
                0x08004524       0x44 ./Drivers/STM32F4xx_HAL_Driver/Src/stm32f4xx_ll_sdmmc.o
                0x08004524                SDMMC_CmdAppCommand
 .text.SDMMC_CmdAppOperCommand
                0x08004568       0x46 ./Drivers/STM32F4xx_HAL_Driver/Src/stm32f4xx_ll_sdmmc.o
                0x08004568                SDMMC_CmdAppOperCommand
 .text.SDMMC_CmdBusWidth
                0x080045ae       0x44 ./Drivers/STM32F4xx_HAL_Driver/Src/stm32f4xx_ll_sdmmc.o
                0x080045ae                SDMMC_CmdBusWidth
 .text.SDMMC_CmdSendSCR
                0x080045f2       0x42 ./Drivers/STM32F4xx_HAL_Driver/Src/stm32f4xx_ll_sdmmc.o
                0x080045f2                SDMMC_CmdSendSCR
 .text.SDMMC_CmdSendCID
                0x08004634       0x3c ./Drivers/STM32F4xx_HAL_Driver/Src/stm32f4xx_ll_sdmmc.o
                0x08004634                SDMMC_CmdSendCID
 .text.SDMMC_CmdSendCSD
                0x08004670       0x3e ./Drivers/STM32F4xx_HAL_Driver/Src/stm32f4xx_ll_sdmmc.o
                0x08004670                SDMMC_CmdSendCSD
 .text.SDMMC_CmdSetRelAdd
                0x080046ae       0x42 ./Drivers/STM32F4xx_HAL_Driver/Src/stm32f4xx_ll_sdmmc.o
                0x080046ae                SDMMC_CmdSetRelAdd
 .text.SDMMC_CmdSendStatus
                0x080046f0       0x44 ./Drivers/STM32F4xx_HAL_Driver/Src/stm32f4xx_ll_sdmmc.o
                0x080046f0                SDMMC_CmdSendStatus
 .text.SDMMC_GetCmdResp1
                0x08004734      0x1dc ./Drivers/STM32F4xx_HAL_Driver/Src/stm32f4xx_ll_sdmmc.o
                0x08004734                SDMMC_GetCmdResp1
 .text.SDMMC_GetCmdResp2
                0x08004910       0x90 ./Drivers/STM32F4xx_HAL_Driver/Src/stm32f4xx_ll_sdmmc.o
                0x08004910                SDMMC_GetCmdResp2
 .text.SDMMC_GetCmdResp3
                0x080049a0       0x7c ./Drivers/STM32F4xx_HAL_Driver/Src/stm32f4xx_ll_sdmmc.o
                0x080049a0                SDMMC_GetCmdResp3
 .text.SDMMC_GetCmdResp6
                0x08004a1c       0xec ./Drivers/STM32F4xx_HAL_Driver/Src/stm32f4xx_ll_sdmmc.o
                0x08004a1c                SDMMC_GetCmdResp6
 .text.SDMMC_GetCmdResp7
                0x08004b08       0x9c ./Drivers/STM32F4xx_HAL_Driver/Src/stm32f4xx_ll_sdmmc.o
                0x08004b08                SDMMC_GetCmdResp7
 .text.SDMMC_GetCmdError
                0x08004ba4       0x58 ./Drivers/STM32F4xx_HAL_Driver/Src/stm32f4xx_ll_sdmmc.o
 .text.MX_FATFS_Init
                0x08004bfc       0x24 ./FATFS/App/fatfs.o
                0x08004bfc                MX_FATFS_Init
 .text.get_fattime
                0x08004c20       0x10 ./FATFS/App/fatfs.o
                0x08004c20                get_fattime
 .text.BSP_SD_Init
                0x08004c30       0x4c ./FATFS/Target/bsp_driver_sd.o
                0x08004c30                BSP_SD_Init
 .text.BSP_SD_ReadBlocks_DMA
                0x08004c7c       0x34 ./FATFS/Target/bsp_driver_sd.o
                0x08004c7c                BSP_SD_ReadBlocks_DMA
 .text.BSP_SD_WriteBlocks_DMA
                0x08004cb0       0x34 ./FATFS/Target/bsp_driver_sd.o
                0x08004cb0                BSP_SD_WriteBlocks_DMA
 .text.BSP_SD_GetCardState
                0x08004ce4       0x20 ./FATFS/Target/bsp_driver_sd.o
                0x08004ce4                BSP_SD_GetCardState
 .text.BSP_SD_GetCardInfo
                0x08004d04       0x1c ./FATFS/Target/bsp_driver_sd.o
                0x08004d04                BSP_SD_GetCardInfo
 .text.HAL_SD_AbortCallback
                0x08004d20       0x14 ./FATFS/Target/bsp_driver_sd.o
                0x08004d20                HAL_SD_AbortCallback
 .text.HAL_SD_TxCpltCallback
                0x08004d34       0x14 ./FATFS/Target/bsp_driver_sd.o
                0x08004d34                HAL_SD_TxCpltCallback
 .text.HAL_SD_RxCpltCallback
                0x08004d48       0x14 ./FATFS/Target/bsp_driver_sd.o
                0x08004d48                HAL_SD_RxCpltCallback
 .text.BSP_SD_AbortCallback
                0x08004d5c        0xe ./FATFS/Target/bsp_driver_sd.o
                0x08004d5c                BSP_SD_AbortCallback
 .text.BSP_SD_IsDetected
                0x08004d6a       0x1a ./FATFS/Target/bsp_driver_sd.o
                0x08004d6a                BSP_SD_IsDetected
 .text.SD_CheckStatusWithTimeout
                0x08004d84       0x3a ./FATFS/Target/sd_diskio.o
 *fill*         0x08004dbe        0x2 
 .text.SD_CheckStatus
                0x08004dc0       0x3c ./FATFS/Target/sd_diskio.o
 .text.SD_initialize
                0x08004dfc       0x38 ./FATFS/Target/sd_diskio.o
                0x08004dfc                SD_initialize
 .text.SD_status
                0x08004e34       0x1c ./FATFS/Target/sd_diskio.o
                0x08004e34                SD_status
 .text.SD_read  0x08004e50       0xac ./FATFS/Target/sd_diskio.o
                0x08004e50                SD_read
 .text.SD_write
                0x08004efc       0xac ./FATFS/Target/sd_diskio.o
                0x08004efc                SD_write
 .text.SD_ioctl
                0x08004fa8       0xb0 ./FATFS/Target/sd_diskio.o
                0x08004fa8                SD_ioctl
 .text.BSP_SD_WriteCpltCallback
                0x08005058       0x18 ./FATFS/Target/sd_diskio.o
                0x08005058                BSP_SD_WriteCpltCallback
 .text.BSP_SD_ReadCpltCallback
                0x08005070       0x18 ./FATFS/Target/sd_diskio.o
                0x08005070                BSP_SD_ReadCpltCallback
 .text.disk_status
                0x08005088       0x34 ./Middlewares/Third_Party/FatFs/src/diskio.o
                0x08005088                disk_status
 .text.disk_initialize
                0x080050bc       0x50 ./Middlewares/Third_Party/FatFs/src/diskio.o
                0x080050bc                disk_initialize
 .text.disk_read
                0x0800510c       0x40 ./Middlewares/Third_Party/FatFs/src/diskio.o
                0x0800510c                disk_read
 .text.disk_write
                0x0800514c       0x40 ./Middlewares/Third_Party/FatFs/src/diskio.o
                0x0800514c                disk_write
 .text.disk_ioctl
                0x0800518c       0x3c ./Middlewares/Third_Party/FatFs/src/diskio.o
                0x0800518c                disk_ioctl
 .text.ld_word  0x080051c8       0x30 ./Middlewares/Third_Party/FatFs/src/ff.o
 .text.ld_dword
                0x080051f8       0x46 ./Middlewares/Third_Party/FatFs/src/ff.o
 .text.st_word  0x0800523e       0x36 ./Middlewares/Third_Party/FatFs/src/ff.o
 .text.st_dword
                0x08005274       0x58 ./Middlewares/Third_Party/FatFs/src/ff.o
 .text.mem_cpy  0x080052cc       0x42 ./Middlewares/Third_Party/FatFs/src/ff.o
 .text.mem_set  0x0800530e       0x36 ./Middlewares/Third_Party/FatFs/src/ff.o
 .text.mem_cmp  0x08005344       0x4e ./Middlewares/Third_Party/FatFs/src/ff.o
 .text.chk_chr  0x08005392       0x36 ./Middlewares/Third_Party/FatFs/src/ff.o
 .text.chk_lock
                0x080053c8       0xb8 ./Middlewares/Third_Party/FatFs/src/ff.o
 .text.enq_lock
                0x08005480       0x44 ./Middlewares/Third_Party/FatFs/src/ff.o
 .text.inc_lock
                0x080054c4      0x11c ./Middlewares/Third_Party/FatFs/src/ff.o
 .text.dec_lock
                0x080055e0       0x78 ./Middlewares/Third_Party/FatFs/src/ff.o
 .text.clear_lock
                0x08005658       0x48 ./Middlewares/Third_Party/FatFs/src/ff.o
 .text.sync_window
                0x080056a0       0x88 ./Middlewares/Third_Party/FatFs/src/ff.o
 .text.move_window
                0x08005728       0x5a ./Middlewares/Third_Party/FatFs/src/ff.o
 *fill*         0x08005782        0x2 
 .text.sync_fs  0x08005784       0xdc ./Middlewares/Third_Party/FatFs/src/ff.o
 .text.clust2sect
                0x08005860       0x3e ./Middlewares/Third_Party/FatFs/src/ff.o
 .text.get_fat  0x0800589e      0x14e ./Middlewares/Third_Party/FatFs/src/ff.o
 .text.put_fat  0x080059ec      0x1d4 ./Middlewares/Third_Party/FatFs/src/ff.o
 .text.remove_chain
                0x08005bc0       0xca ./Middlewares/Third_Party/FatFs/src/ff.o
 .text.create_chain
                0x08005c8a      0x130 ./Middlewares/Third_Party/FatFs/src/ff.o
 .text.clmt_clust
                0x08005dba       0x68 ./Middlewares/Third_Party/FatFs/src/ff.o
 .text.dir_sdi  0x08005e22       0xf6 ./Middlewares/Third_Party/FatFs/src/ff.o
 .text.dir_next
                0x08005f18      0x18a ./Middlewares/Third_Party/FatFs/src/ff.o
 .text.dir_alloc
                0x080060a2       0x8e ./Middlewares/Third_Party/FatFs/src/ff.o
 .text.ld_clust
                0x08006130       0x3e ./Middlewares/Third_Party/FatFs/src/ff.o
 .text.st_clust
                0x0800616e       0x40 ./Middlewares/Third_Party/FatFs/src/ff.o
 .text.dir_find
                0x080061ae       0xaa ./Middlewares/Third_Party/FatFs/src/ff.o
 .text.dir_register
                0x08006258       0x64 ./Middlewares/Third_Party/FatFs/src/ff.o
 .text.create_name
                0x080062bc      0x128 ./Middlewares/Third_Party/FatFs/src/ff.o
 .text.follow_path
                0x080063e4       0xe2 ./Middlewares/Third_Party/FatFs/src/ff.o
 .text.get_ldnumber
                0x080064c6       0x88 ./Middlewares/Third_Party/FatFs/src/ff.o
 *fill*         0x0800654e        0x2 
 .text.check_fs
                0x08006550       0xac ./Middlewares/Third_Party/FatFs/src/ff.o
 .text.find_volume
                0x080065fc      0x498 ./Middlewares/Third_Party/FatFs/src/ff.o
 .text.validate
                0x08006a94       0x6a ./Middlewares/Third_Party/FatFs/src/ff.o
 *fill*         0x08006afe        0x2 
 .text.f_mount  0x08006b00       0x8c ./Middlewares/Third_Party/FatFs/src/ff.o
                0x08006b00                f_mount
 .text.f_open   0x08006b8c      0x374 ./Middlewares/Third_Party/FatFs/src/ff.o
                0x08006b8c                f_open
 .text.f_read   0x08006f00      0x27e ./Middlewares/Third_Party/FatFs/src/ff.o
                0x08006f00                f_read
 .text.f_write  0x0800717e      0x2ea ./Middlewares/Third_Party/FatFs/src/ff.o
                0x0800717e                f_write
 .text.f_sync   0x08007468       0xfc ./Middlewares/Third_Party/FatFs/src/ff.o
                0x08007468                f_sync
 .text.f_close  0x08007564       0x54 ./Middlewares/Third_Party/FatFs/src/ff.o
                0x08007564                f_close
 .text.FATFS_LinkDriverEx
                0x080075b8       0x98 ./Middlewares/Third_Party/FatFs/src/ff_gen_drv.o
                0x080075b8                FATFS_LinkDriverEx
 .text.FATFS_LinkDriver
                0x08007650       0x1e ./Middlewares/Third_Party/FatFs/src/ff_gen_drv.o
                0x08007650                FATFS_LinkDriver
 *fill*         0x0800766e        0x2 
 .text.sprintf  0x08007670       0x40 D:/ST/STM32CubeIDE_1.12.1/STM32CubeIDE/plugins/com.st.stm32cube.ide.mcu.externaltools.gnu-tools-for-stm32.12.3.rel1.win32_1.0.100.202403111256/tools/bin/../lib/gcc/arm-none-eabi/12.3.1/../../../../arm-none-eabi/lib/thumb/v7e-m+fp/hard\libc_nano.a(libc_a-sprintf.o)
                0x08007670                siprintf
                0x08007670                sprintf
 .text.memset   0x080076b0       0x10 D:/ST/STM32CubeIDE_1.12.1/STM32CubeIDE/plugins/com.st.stm32cube.ide.mcu.externaltools.gnu-tools-for-stm32.12.3.rel1.win32_1.0.100.202403111256/tools/bin/../lib/gcc/arm-none-eabi/12.3.1/../../../../arm-none-eabi/lib/thumb/v7e-m+fp/hard\libc_nano.a(libc_a-memset.o)
                0x080076b0                memset
 .text.__errno  0x080076c0        0xc D:/ST/STM32CubeIDE_1.12.1/STM32CubeIDE/plugins/com.st.stm32cube.ide.mcu.externaltools.gnu-tools-for-stm32.12.3.rel1.win32_1.0.100.202403111256/tools/bin/../lib/gcc/arm-none-eabi/12.3.1/../../../../arm-none-eabi/lib/thumb/v7e-m+fp/hard\libc_nano.a(libc_a-errno.o)
                0x080076c0                __errno
 .text.__libc_init_array
                0x080076cc       0x48 D:/ST/STM32CubeIDE_1.12.1/STM32CubeIDE/plugins/com.st.stm32cube.ide.mcu.externaltools.gnu-tools-for-stm32.12.3.rel1.win32_1.0.100.202403111256/tools/bin/../lib/gcc/arm-none-eabi/12.3.1/../../../../arm-none-eabi/lib/thumb/v7e-m+fp/hard\libc_nano.a(libc_a-init.o)
                0x080076cc                __libc_init_array
 .text.__retarget_lock_acquire_recursive
                0x08007714        0x2 D:/ST/STM32CubeIDE_1.12.1/STM32CubeIDE/plugins/com.st.stm32cube.ide.mcu.externaltools.gnu-tools-for-stm32.12.3.rel1.win32_1.0.100.202403111256/tools/bin/../lib/gcc/arm-none-eabi/12.3.1/../../../../arm-none-eabi/lib/thumb/v7e-m+fp/hard\libc_nano.a(libc_a-lock.o)
                0x08007714                __retarget_lock_acquire_recursive
 .text.__retarget_lock_release_recursive
                0x08007716        0x2 D:/ST/STM32CubeIDE_1.12.1/STM32CubeIDE/plugins/com.st.stm32cube.ide.mcu.externaltools.gnu-tools-for-stm32.12.3.rel1.win32_1.0.100.202403111256/tools/bin/../lib/gcc/arm-none-eabi/12.3.1/../../../../arm-none-eabi/lib/thumb/v7e-m+fp/hard\libc_nano.a(libc_a-lock.o)
                0x08007716                __retarget_lock_release_recursive
 .text._free_r  0x08007718       0x94 D:/ST/STM32CubeIDE_1.12.1/STM32CubeIDE/plugins/com.st.stm32cube.ide.mcu.externaltools.gnu-tools-for-stm32.12.3.rel1.win32_1.0.100.202403111256/tools/bin/../lib/gcc/arm-none-eabi/12.3.1/../../../../arm-none-eabi/lib/thumb/v7e-m+fp/hard\libc_nano.a(libc_a-freer.o)
                0x08007718                _free_r
 .text.sbrk_aligned
                0x080077ac       0x44 D:/ST/STM32CubeIDE_1.12.1/STM32CubeIDE/plugins/com.st.stm32cube.ide.mcu.externaltools.gnu-tools-for-stm32.12.3.rel1.win32_1.0.100.202403111256/tools/bin/../lib/gcc/arm-none-eabi/12.3.1/../../../../arm-none-eabi/lib/thumb/v7e-m+fp/hard\libc_nano.a(libc_a-mallocr.o)
 .text._malloc_r
                0x080077f0      0x100 D:/ST/STM32CubeIDE_1.12.1/STM32CubeIDE/plugins/com.st.stm32cube.ide.mcu.externaltools.gnu-tools-for-stm32.12.3.rel1.win32_1.0.100.202403111256/tools/bin/../lib/gcc/arm-none-eabi/12.3.1/../../../../arm-none-eabi/lib/thumb/v7e-m+fp/hard\libc_nano.a(libc_a-mallocr.o)
                0x080077f0                _malloc_r
 .text.__malloc_lock
                0x080078f0        0xc D:/ST/STM32CubeIDE_1.12.1/STM32CubeIDE/plugins/com.st.stm32cube.ide.mcu.externaltools.gnu-tools-for-stm32.12.3.rel1.win32_1.0.100.202403111256/tools/bin/../lib/gcc/arm-none-eabi/12.3.1/../../../../arm-none-eabi/lib/thumb/v7e-m+fp/hard\libc_nano.a(libc_a-mlock.o)
                0x080078f0                __malloc_lock
 .text.__malloc_unlock
                0x080078fc        0xc D:/ST/STM32CubeIDE_1.12.1/STM32CubeIDE/plugins/com.st.stm32cube.ide.mcu.externaltools.gnu-tools-for-stm32.12.3.rel1.win32_1.0.100.202403111256/tools/bin/../lib/gcc/arm-none-eabi/12.3.1/../../../../arm-none-eabi/lib/thumb/v7e-m+fp/hard\libc_nano.a(libc_a-mlock.o)
                0x080078fc                __malloc_unlock
 .text.__ssputs_r
                0x08007908       0xb6 D:/ST/STM32CubeIDE_1.12.1/STM32CubeIDE/plugins/com.st.stm32cube.ide.mcu.externaltools.gnu-tools-for-stm32.12.3.rel1.win32_1.0.100.202403111256/tools/bin/../lib/gcc/arm-none-eabi/12.3.1/../../../../arm-none-eabi/lib/thumb/v7e-m+fp/hard\libc_nano.a(libc_a-nano-svfprintf.o)
                0x08007908                __ssputs_r
 *fill*         0x080079be        0x2 
 .text._svfprintf_r
                0x080079c0      0x1f8 D:/ST/STM32CubeIDE_1.12.1/STM32CubeIDE/plugins/com.st.stm32cube.ide.mcu.externaltools.gnu-tools-for-stm32.12.3.rel1.win32_1.0.100.202403111256/tools/bin/../lib/gcc/arm-none-eabi/12.3.1/../../../../arm-none-eabi/lib/thumb/v7e-m+fp/hard\libc_nano.a(libc_a-nano-svfprintf.o)
                0x080079c0                _svfiprintf_r
                0x080079c0                _svfprintf_r
 .text._printf_common
                0x08007bb8       0xda D:/ST/STM32CubeIDE_1.12.1/STM32CubeIDE/plugins/com.st.stm32cube.ide.mcu.externaltools.gnu-tools-for-stm32.12.3.rel1.win32_1.0.100.202403111256/tools/bin/../lib/gcc/arm-none-eabi/12.3.1/../../../../arm-none-eabi/lib/thumb/v7e-m+fp/hard\libc_nano.a(libc_a-nano-vfprintf_i.o)
                0x08007bb8                _printf_common
 *fill*         0x08007c92        0x2 
 .text._printf_i
                0x08007c94      0x240 D:/ST/STM32CubeIDE_1.12.1/STM32CubeIDE/plugins/com.st.stm32cube.ide.mcu.externaltools.gnu-tools-for-stm32.12.3.rel1.win32_1.0.100.202403111256/tools/bin/../lib/gcc/arm-none-eabi/12.3.1/../../../../arm-none-eabi/lib/thumb/v7e-m+fp/hard\libc_nano.a(libc_a-nano-vfprintf_i.o)
                0x08007c94                _printf_i
 .text.memmove  0x08007ed4       0x34 D:/ST/STM32CubeIDE_1.12.1/STM32CubeIDE/plugins/com.st.stm32cube.ide.mcu.externaltools.gnu-tools-for-stm32.12.3.rel1.win32_1.0.100.202403111256/tools/bin/../lib/gcc/arm-none-eabi/12.3.1/../../../../arm-none-eabi/lib/thumb/v7e-m+fp/hard\libc_nano.a(libc_a-memmove.o)
                0x08007ed4                memmove
 .text._sbrk_r  0x08007f08       0x20 D:/ST/STM32CubeIDE_1.12.1/STM32CubeIDE/plugins/com.st.stm32cube.ide.mcu.externaltools.gnu-tools-for-stm32.12.3.rel1.win32_1.0.100.202403111256/tools/bin/../lib/gcc/arm-none-eabi/12.3.1/../../../../arm-none-eabi/lib/thumb/v7e-m+fp/hard\libc_nano.a(libc_a-sbrkr.o)
                0x08007f08                _sbrk_r
 .text.memcpy   0x08007f28       0x1c D:/ST/STM32CubeIDE_1.12.1/STM32CubeIDE/plugins/com.st.stm32cube.ide.mcu.externaltools.gnu-tools-for-stm32.12.3.rel1.win32_1.0.100.202403111256/tools/bin/../lib/gcc/arm-none-eabi/12.3.1/../../../../arm-none-eabi/lib/thumb/v7e-m+fp/hard\libc_nano.a(libc_a-memcpy-stub.o)
                0x08007f28                memcpy
 .text._realloc_r
                0x08007f44       0x5c D:/ST/STM32CubeIDE_1.12.1/STM32CubeIDE/plugins/com.st.stm32cube.ide.mcu.externaltools.gnu-tools-for-stm32.12.3.rel1.win32_1.0.100.202403111256/tools/bin/../lib/gcc/arm-none-eabi/12.3.1/../../../../arm-none-eabi/lib/thumb/v7e-m+fp/hard\libc_nano.a(libc_a-reallocr.o)
                0x08007f44                _realloc_r
 .text._malloc_usable_size_r
                0x08007fa0       0x10 D:/ST/STM32CubeIDE_1.12.1/STM32CubeIDE/plugins/com.st.stm32cube.ide.mcu.externaltools.gnu-tools-for-stm32.12.3.rel1.win32_1.0.100.202403111256/tools/bin/../lib/gcc/arm-none-eabi/12.3.1/../../../../arm-none-eabi/lib/thumb/v7e-m+fp/hard\libc_nano.a(libc_a-msizer.o)
                0x08007fa0                _malloc_usable_size_r
 *(.glue_7)
 .glue_7        0x08007fb0        0x0 linker stubs
 *(.glue_7t)
 .glue_7t       0x08007fb0        0x0 linker stubs
 *(.eh_frame)
 .eh_frame      0x08007fb0        0x0 D:/ST/STM32CubeIDE_1.12.1/STM32CubeIDE/plugins/com.st.stm32cube.ide.mcu.externaltools.gnu-tools-for-stm32.12.3.rel1.win32_1.0.100.202403111256/tools/bin/../lib/gcc/arm-none-eabi/12.3.1/thumb/v7e-m+fp/hard/crtbegin.o
 *(.init)
 .init          0x08007fb0        0x4 D:/ST/STM32CubeIDE_1.12.1/STM32CubeIDE/plugins/com.st.stm32cube.ide.mcu.externaltools.gnu-tools-for-stm32.12.3.rel1.win32_1.0.100.202403111256/tools/bin/../lib/gcc/arm-none-eabi/12.3.1/thumb/v7e-m+fp/hard/crti.o
                0x08007fb0                _init
 .init          0x08007fb4        0x8 D:/ST/STM32CubeIDE_1.12.1/STM32CubeIDE/plugins/com.st.stm32cube.ide.mcu.externaltools.gnu-tools-for-stm32.12.3.rel1.win32_1.0.100.202403111256/tools/bin/../lib/gcc/arm-none-eabi/12.3.1/thumb/v7e-m+fp/hard/crtn.o
 *(.fini)
 .fini          0x08007fbc        0x4 D:/ST/STM32CubeIDE_1.12.1/STM32CubeIDE/plugins/com.st.stm32cube.ide.mcu.externaltools.gnu-tools-for-stm32.12.3.rel1.win32_1.0.100.202403111256/tools/bin/../lib/gcc/arm-none-eabi/12.3.1/thumb/v7e-m+fp/hard/crti.o
                0x08007fbc                _fini
 .fini          0x08007fc0        0x8 D:/ST/STM32CubeIDE_1.12.1/STM32CubeIDE/plugins/com.st.stm32cube.ide.mcu.externaltools.gnu-tools-for-stm32.12.3.rel1.win32_1.0.100.202403111256/tools/bin/../lib/gcc/arm-none-eabi/12.3.1/thumb/v7e-m+fp/hard/crtn.o
                0x08007fc8                        . = ALIGN (0x4)
                0x08007fc8                        _etext = .

.vfp11_veneer   0x08007fc8        0x0
 .vfp11_veneer  0x08007fc8        0x0 linker stubs

.v4_bx          0x08007fc8        0x0
 .v4_bx         0x08007fc8        0x0 linker stubs

.iplt           0x08007fc8        0x0
 .iplt          0x08007fc8        0x0 D:/ST/STM32CubeIDE_1.12.1/STM32CubeIDE/plugins/com.st.stm32cube.ide.mcu.externaltools.gnu-tools-for-stm32.12.3.rel1.win32_1.0.100.202403111256/tools/bin/../lib/gcc/arm-none-eabi/12.3.1/thumb/v7e-m+fp/hard/crtbegin.o

.rodata         0x08007fc8      0x1ec
                0x08007fc8                        . = ALIGN (0x4)
 *(.rodata)
 .rodata        0x08007fc8       0xc8 ./Core/Src/main.o
 .rodata        0x08008090       0x44 ./Middlewares/Third_Party/FatFs/src/ff.o
 *(.rodata*)
 .rodata.AHBPrescTable
                0x080080d4       0x10 ./Core/Src/system_stm32f4xx.o
                0x080080d4                AHBPrescTable
 .rodata.flagBitshiftOffset.0
                0x080080e4        0x8 ./Drivers/STM32F4xx_HAL_Driver/Src/stm32f4xx_hal_dma.o
 .rodata.SD_Driver
                0x080080ec       0x14 ./FATFS/Target/sd_diskio.o
                0x080080ec                SD_Driver
 .rodata.ExCvt  0x08008100       0x80 ./Middlewares/Third_Party/FatFs/src/ff.o
 .rodata._svfprintf_r.str1.1
                0x08008180       0x11 D:/ST/STM32CubeIDE_1.12.1/STM32CubeIDE/plugins/com.st.stm32cube.ide.mcu.externaltools.gnu-tools-for-stm32.12.3.rel1.win32_1.0.100.202403111256/tools/bin/../lib/gcc/arm-none-eabi/12.3.1/../../../../arm-none-eabi/lib/thumb/v7e-m+fp/hard\libc_nano.a(libc_a-nano-svfprintf.o)
 .rodata._printf_i.str1.1
                0x08008191       0x22 D:/ST/STM32CubeIDE_1.12.1/STM32CubeIDE/plugins/com.st.stm32cube.ide.mcu.externaltools.gnu-tools-for-stm32.12.3.rel1.win32_1.0.100.202403111256/tools/bin/../lib/gcc/arm-none-eabi/12.3.1/../../../../arm-none-eabi/lib/thumb/v7e-m+fp/hard\libc_nano.a(libc_a-nano-vfprintf_i.o)
                0x080081b4                        . = ALIGN (0x4)
 *fill*         0x080081b3        0x1 

.ARM.extab      0x080081b4        0x0
                0x080081b4                        . = ALIGN (0x4)
 *(.ARM.extab* .gnu.linkonce.armextab.*)
                0x080081b4                        . = ALIGN (0x4)

.ARM            0x080081b4        0x8
                0x080081b4                        . = ALIGN (0x4)
                0x080081b4                        __exidx_start = .
 *(.ARM.exidx*)
 .ARM.exidx     0x080081b4        0x8 D:/ST/STM32CubeIDE_1.12.1/STM32CubeIDE/plugins/com.st.stm32cube.ide.mcu.externaltools.gnu-tools-for-stm32.12.3.rel1.win32_1.0.100.202403111256/tools/bin/../lib/gcc/arm-none-eabi/12.3.1/../../../../arm-none-eabi/lib/thumb/v7e-m+fp/hard\libc_nano.a(libc_a-strlen.o)
 .ARM.exidx     0x080081bc        0x0 D:/ST/STM32CubeIDE_1.12.1/STM32CubeIDE/plugins/com.st.stm32cube.ide.mcu.externaltools.gnu-tools-for-stm32.12.3.rel1.win32_1.0.100.202403111256/tools/bin/../lib/gcc/arm-none-eabi/12.3.1/../../../../arm-none-eabi/lib/thumb/v7e-m+fp/hard\libc_nano.a(libc_a-memchr.o)
                                  0x8 (size before relaxing)
 .ARM.exidx     0x080081bc        0x0 D:/ST/STM32CubeIDE_1.12.1/STM32CubeIDE/plugins/com.st.stm32cube.ide.mcu.externaltools.gnu-tools-for-stm32.12.3.rel1.win32_1.0.100.202403111256/tools/bin/../lib/gcc/arm-none-eabi/12.3.1/thumb/v7e-m+fp/hard\libgcc.a(_udivmoddi4.o)
                                  0x8 (size before relaxing)
                0x080081bc                        __exidx_end = .
                0x080081bc                        . = ALIGN (0x4)

.preinit_array  0x080081bc        0x0
                0x080081bc                        . = ALIGN (0x4)
                0x080081bc                        PROVIDE (__preinit_array_start = .)
 *(.preinit_array*)
                0x080081bc                        PROVIDE (__preinit_array_end = .)
                0x080081bc                        . = ALIGN (0x4)

.init_array     0x080081bc        0x4
                0x080081bc                        . = ALIGN (0x4)
                0x080081bc                        PROVIDE (__init_array_start = .)
 *(SORT_BY_NAME(.init_array.*))
 *(.init_array*)
 .init_array    0x080081bc        0x4 D:/ST/STM32CubeIDE_1.12.1/STM32CubeIDE/plugins/com.st.stm32cube.ide.mcu.externaltools.gnu-tools-for-stm32.12.3.rel1.win32_1.0.100.202403111256/tools/bin/../lib/gcc/arm-none-eabi/12.3.1/thumb/v7e-m+fp/hard/crtbegin.o
                0x080081c0                        PROVIDE (__init_array_end = .)
                0x080081c0                        . = ALIGN (0x4)

.fini_array     0x080081c0        0x4
                0x080081c0                        . = ALIGN (0x4)
                [!provide]                        PROVIDE (__fini_array_start = .)
 *(SORT_BY_NAME(.fini_array.*))
 *(.fini_array*)
 .fini_array    0x080081c0        0x4 D:/ST/STM32CubeIDE_1.12.1/STM32CubeIDE/plugins/com.st.stm32cube.ide.mcu.externaltools.gnu-tools-for-stm32.12.3.rel1.win32_1.0.100.202403111256/tools/bin/../lib/gcc/arm-none-eabi/12.3.1/thumb/v7e-m+fp/hard/crtbegin.o
                [!provide]                        PROVIDE (__fini_array_end = .)
                0x080081c4                        . = ALIGN (0x4)
                0x080081c4                        _sidata = LOADADDR (.data)

.rel.dyn        0x080081c4        0x0
 .rel.iplt      0x080081c4        0x0 D:/ST/STM32CubeIDE_1.12.1/STM32CubeIDE/plugins/com.st.stm32cube.ide.mcu.externaltools.gnu-tools-for-stm32.12.3.rel1.win32_1.0.100.202403111256/tools/bin/../lib/gcc/arm-none-eabi/12.3.1/thumb/v7e-m+fp/hard/crtbegin.o

.data           0x20000000       0x6c load address 0x080081c4
                0x20000000                        . = ALIGN (0x4)
                0x20000000                        _sdata = .
 *(.data)
 *(.data*)
 .data.filename
                0x20000000        0xe ./Core/Src/main.o
                0x20000000                filename
 *fill*         0x2000000e        0x2 
 .data.SystemCoreClock
                0x20000010        0x4 ./Core/Src/system_stm32f4xx.o
                0x20000010                SystemCoreClock
 .data.uwTickPrio
                0x20000014        0x4 ./Drivers/STM32F4xx_HAL_Driver/Src/stm32f4xx_hal.o
                0x20000014                uwTickPrio
 .data.uwTickFreq
                0x20000018        0x1 ./Drivers/STM32F4xx_HAL_Driver/Src/stm32f4xx_hal.o
                0x20000018                uwTickFreq
 .data.Stat     0x20000019        0x1 ./FATFS/Target/sd_diskio.o
 *fill*         0x2000001a        0x2 
 .data._impure_ptr
                0x2000001c        0x4 D:/ST/STM32CubeIDE_1.12.1/STM32CubeIDE/plugins/com.st.stm32cube.ide.mcu.externaltools.gnu-tools-for-stm32.12.3.rel1.win32_1.0.100.202403111256/tools/bin/../lib/gcc/arm-none-eabi/12.3.1/../../../../arm-none-eabi/lib/thumb/v7e-m+fp/hard\libc_nano.a(libc_a-impure.o)
                0x2000001c                _impure_ptr
 .data._impure_data
                0x20000020       0x4c D:/ST/STM32CubeIDE_1.12.1/STM32CubeIDE/plugins/com.st.stm32cube.ide.mcu.externaltools.gnu-tools-for-stm32.12.3.rel1.win32_1.0.100.202403111256/tools/bin/../lib/gcc/arm-none-eabi/12.3.1/../../../../arm-none-eabi/lib/thumb/v7e-m+fp/hard\libc_nano.a(libc_a-impure.o)
                0x20000020                _impure_data
 *(.RamFunc)
 *(.RamFunc*)
                0x2000006c                        . = ALIGN (0x4)
                0x2000006c                        _edata = .
                0x08008230                        _siccmram = LOADADDR (.ccmram)

.igot.plt       0x2000006c        0x0 load address 0x08008230
 .igot.plt      0x2000006c        0x0 D:/ST/STM32CubeIDE_1.12.1/STM32CubeIDE/plugins/com.st.stm32cube.ide.mcu.externaltools.gnu-tools-for-stm32.12.3.rel1.win32_1.0.100.202403111256/tools/bin/../lib/gcc/arm-none-eabi/12.3.1/thumb/v7e-m+fp/hard/crtbegin.o

.ccmram         0x10000000        0x0 load address 0x08008230
                0x10000000                        . = ALIGN (0x4)
                0x10000000                        _sccmram = .
 *(.ccmram)
 *(.ccmram*)
                0x10000000                        . = ALIGN (0x4)
                0x10000000                        _eccmram = .
                0x10000000                        . = ALIGN (0x4)

.bss            0x2000006c      0x8f4
                0x2000006c                        _sbss = .
                0x2000006c                        __bss_start__ = _sbss
 *(.bss)
 .bss           0x2000006c       0x1c D:/ST/STM32CubeIDE_1.12.1/STM32CubeIDE/plugins/com.st.stm32cube.ide.mcu.externaltools.gnu-tools-for-stm32.12.3.rel1.win32_1.0.100.202403111256/tools/bin/../lib/gcc/arm-none-eabi/12.3.1/thumb/v7e-m+fp/hard/crtbegin.o
 *(.bss*)
 .bss.Text      0x20000088       0xff ./Core/Src/main.o
                0x20000088                Text
 *fill*         0x20000187        0x1 
 .bss.buff      0x20000188       0x80 ./Core/Src/main.o
                0x20000188                buff
 .bss.hrtc      0x20000208       0x20 ./Core/Src/main.o
                0x20000208                hrtc
 .bss.hsd       0x20000228       0x84 ./Core/Src/main.o
                0x20000228                hsd
 .bss.hdma_sdio_rx
                0x200002ac       0x60 ./Core/Src/main.o
                0x200002ac                hdma_sdio_rx
 .bss.hdma_sdio_tx
                0x2000030c       0x60 ./Core/Src/main.o
                0x2000030c                hdma_sdio_tx
 .bss.__sbrk_heap_end
                0x2000036c        0x4 ./Core/Src/sysmem.o
 .bss.uwTick    0x20000370        0x4 ./Drivers/STM32F4xx_HAL_Driver/Src/stm32f4xx_hal.o
                0x20000370                uwTick
 .bss.retSD     0x20000374        0x1 ./FATFS/App/fatfs.o
                0x20000374                retSD
 *fill*         0x20000375        0x3 
 .bss.SDPath    0x20000378        0x4 ./FATFS/App/fatfs.o
                0x20000378                SDPath
 .bss.SDFatFS   0x2000037c      0x230 ./FATFS/App/fatfs.o
                0x2000037c                SDFatFS
 .bss.SDFile    0x200005ac      0x230 ./FATFS/App/fatfs.o
                0x200005ac                SDFile
 .bss.WriteStatus
                0x200007dc        0x4 ./FATFS/Target/sd_diskio.o
 .bss.ReadStatus
                0x200007e0        0x4 ./FATFS/Target/sd_diskio.o
 .bss.FatFs     0x200007e4        0x4 ./Middlewares/Third_Party/FatFs/src/ff.o
 .bss.Fsid      0x200007e8        0x2 ./Middlewares/Third_Party/FatFs/src/ff.o
 *fill*         0x200007ea        0x2 
 .bss.Files     0x200007ec       0x20 ./Middlewares/Third_Party/FatFs/src/ff.o
 .bss.disk      0x2000080c        0xc ./Middlewares/Third_Party/FatFs/src/ff_gen_drv.o
                0x2000080c                disk
 .bss.__sf      0x20000818      0x138 D:/ST/STM32CubeIDE_1.12.1/STM32CubeIDE/plugins/com.st.stm32cube.ide.mcu.externaltools.gnu-tools-for-stm32.12.3.rel1.win32_1.0.100.202403111256/tools/bin/../lib/gcc/arm-none-eabi/12.3.1/../../../../arm-none-eabi/lib/thumb/v7e-m+fp/hard\libc_nano.a(libc_a-findfp.o)
                0x20000818                __sf
 .bss.errno     0x20000950        0x4 D:/ST/STM32CubeIDE_1.12.1/STM32CubeIDE/plugins/com.st.stm32cube.ide.mcu.externaltools.gnu-tools-for-stm32.12.3.rel1.win32_1.0.100.202403111256/tools/bin/../lib/gcc/arm-none-eabi/12.3.1/../../../../arm-none-eabi/lib/thumb/v7e-m+fp/hard\libc_nano.a(libc_a-reent.o)
                0x20000950                errno
 .bss.__lock___malloc_recursive_mutex
                0x20000954        0x1 D:/ST/STM32CubeIDE_1.12.1/STM32CubeIDE/plugins/com.st.stm32cube.ide.mcu.externaltools.gnu-tools-for-stm32.12.3.rel1.win32_1.0.100.202403111256/tools/bin/../lib/gcc/arm-none-eabi/12.3.1/../../../../arm-none-eabi/lib/thumb/v7e-m+fp/hard\libc_nano.a(libc_a-lock.o)
                0x20000954                __lock___malloc_recursive_mutex
 *fill*         0x20000955        0x3 
 .bss.__malloc_sbrk_start
                0x20000958        0x4 D:/ST/STM32CubeIDE_1.12.1/STM32CubeIDE/plugins/com.st.stm32cube.ide.mcu.externaltools.gnu-tools-for-stm32.12.3.rel1.win32_1.0.100.202403111256/tools/bin/../lib/gcc/arm-none-eabi/12.3.1/../../../../arm-none-eabi/lib/thumb/v7e-m+fp/hard\libc_nano.a(libc_a-mallocr.o)
                0x20000958                __malloc_sbrk_start
 .bss.__malloc_free_list
                0x2000095c        0x4 D:/ST/STM32CubeIDE_1.12.1/STM32CubeIDE/plugins/com.st.stm32cube.ide.mcu.externaltools.gnu-tools-for-stm32.12.3.rel1.win32_1.0.100.202403111256/tools/bin/../lib/gcc/arm-none-eabi/12.3.1/../../../../arm-none-eabi/lib/thumb/v7e-m+fp/hard\libc_nano.a(libc_a-mallocr.o)
                0x2000095c                __malloc_free_list
 *(COMMON)
                0x20000960                        . = ALIGN (0x4)
                0x20000960                        _ebss = .
                0x20000960                        __bss_end__ = _ebss

._user_heap_stack
                0x20000960      0x600
                0x20000960                        . = ALIGN (0x8)
                [!provide]                        PROVIDE (end = .)
                0x20000960                        PROVIDE (_end = .)
                0x20000b60                        . = (. + _Min_Heap_Size)
 *fill*         0x20000960      0x200 
                0x20000f60                        . = (. + _Min_Stack_Size)
 *fill*         0x20000b60      0x400 
                0x20000f60                        . = ALIGN (0x8)

/DISCARD/
 libc.a(*)
 libm.a(*)
 libgcc.a(*)

.ARM.attributes
                0x00000000       0x30
 *(.ARM.attributes)
 .ARM.attributes
                0x00000000       0x22 D:/ST/STM32CubeIDE_1.12.1/STM32CubeIDE/plugins/com.st.stm32cube.ide.mcu.externaltools.gnu-tools-for-stm32.12.3.rel1.win32_1.0.100.202403111256/tools/bin/../lib/gcc/arm-none-eabi/12.3.1/thumb/v7e-m+fp/hard/crti.o
 .ARM.attributes
                0x00000022       0x34 D:/ST/STM32CubeIDE_1.12.1/STM32CubeIDE/plugins/com.st.stm32cube.ide.mcu.externaltools.gnu-tools-for-stm32.12.3.rel1.win32_1.0.100.202403111256/tools/bin/../lib/gcc/arm-none-eabi/12.3.1/thumb/v7e-m+fp/hard/crtbegin.o
 .ARM.attributes
                0x00000056       0x34 ./Core/Src/main.o
 .ARM.attributes
                0x0000008a       0x34 ./Core/Src/stm32f4xx_hal_msp.o
 .ARM.attributes
                0x000000be       0x34 ./Core/Src/stm32f4xx_it.o
 .ARM.attributes
                0x000000f2       0x34 ./Core/Src/sysmem.o
 .ARM.attributes
                0x00000126       0x34 ./Core/Src/system_stm32f4xx.o
 .ARM.attributes
                0x0000015a       0x21 ./Core/Startup/startup_stm32f407vetx.o
 .ARM.attributes
                0x0000017b       0x34 ./Drivers/STM32F4xx_HAL_Driver/Src/stm32f4xx_hal.o
 .ARM.attributes
                0x000001af       0x34 ./Drivers/STM32F4xx_HAL_Driver/Src/stm32f4xx_hal_cortex.o
 .ARM.attributes
                0x000001e3       0x34 ./Drivers/STM32F4xx_HAL_Driver/Src/stm32f4xx_hal_dma.o
 .ARM.attributes
                0x00000217       0x34 ./Drivers/STM32F4xx_HAL_Driver/Src/stm32f4xx_hal_gpio.o
 .ARM.attributes
                0x0000024b       0x34 ./Drivers/STM32F4xx_HAL_Driver/Src/stm32f4xx_hal_rcc.o
 .ARM.attributes
                0x0000027f       0x34 ./Drivers/STM32F4xx_HAL_Driver/Src/stm32f4xx_hal_rcc_ex.o
 .ARM.attributes
                0x000002b3       0x34 ./Drivers/STM32F4xx_HAL_Driver/Src/stm32f4xx_hal_rtc.o
 .ARM.attributes
                0x000002e7       0x34 ./Drivers/STM32F4xx_HAL_Driver/Src/stm32f4xx_hal_rtc_ex.o
 .ARM.attributes
                0x0000031b       0x34 ./Drivers/STM32F4xx_HAL_Driver/Src/stm32f4xx_hal_sd.o
 .ARM.attributes
                0x0000034f       0x34 ./Drivers/STM32F4xx_HAL_Driver/Src/stm32f4xx_ll_sdmmc.o
 .ARM.attributes
                0x00000383       0x34 ./FATFS/App/fatfs.o
 .ARM.attributes
                0x000003b7       0x34 ./FATFS/Target/bsp_driver_sd.o
 .ARM.attributes
                0x000003eb       0x34 ./FATFS/Target/sd_diskio.o
 .ARM.attributes
                0x0000041f       0x34 ./Middlewares/Third_Party/FatFs/src/diskio.o
 .ARM.attributes
                0x00000453       0x34 ./Middlewares/Third_Party/FatFs/src/ff.o
 .ARM.attributes
                0x00000487       0x34 ./Middlewares/Third_Party/FatFs/src/ff_gen_drv.o
 .ARM.attributes
                0x000004bb       0x34 D:/ST/STM32CubeIDE_1.12.1/STM32CubeIDE/plugins/com.st.stm32cube.ide.mcu.externaltools.gnu-tools-for-stm32.12.3.rel1.win32_1.0.100.202403111256/tools/bin/../lib/gcc/arm-none-eabi/12.3.1/../../../../arm-none-eabi/lib/thumb/v7e-m+fp/hard\libc_nano.a(libc_a-findfp.o)
 .ARM.attributes
                0x000004ef       0x34 D:/ST/STM32CubeIDE_1.12.1/STM32CubeIDE/plugins/com.st.stm32cube.ide.mcu.externaltools.gnu-tools-for-stm32.12.3.rel1.win32_1.0.100.202403111256/tools/bin/../lib/gcc/arm-none-eabi/12.3.1/../../../../arm-none-eabi/lib/thumb/v7e-m+fp/hard\libc_nano.a(libc_a-sprintf.o)
 .ARM.attributes
                0x00000523       0x34 D:/ST/STM32CubeIDE_1.12.1/STM32CubeIDE/plugins/com.st.stm32cube.ide.mcu.externaltools.gnu-tools-for-stm32.12.3.rel1.win32_1.0.100.202403111256/tools/bin/../lib/gcc/arm-none-eabi/12.3.1/../../../../arm-none-eabi/lib/thumb/v7e-m+fp/hard\libc_nano.a(libc_a-memset.o)
 .ARM.attributes
                0x00000557       0x34 D:/ST/STM32CubeIDE_1.12.1/STM32CubeIDE/plugins/com.st.stm32cube.ide.mcu.externaltools.gnu-tools-for-stm32.12.3.rel1.win32_1.0.100.202403111256/tools/bin/../lib/gcc/arm-none-eabi/12.3.1/../../../../arm-none-eabi/lib/thumb/v7e-m+fp/hard\libc_nano.a(libc_a-reent.o)
 .ARM.attributes
                0x0000058b       0x34 D:/ST/STM32CubeIDE_1.12.1/STM32CubeIDE/plugins/com.st.stm32cube.ide.mcu.externaltools.gnu-tools-for-stm32.12.3.rel1.win32_1.0.100.202403111256/tools/bin/../lib/gcc/arm-none-eabi/12.3.1/../../../../arm-none-eabi/lib/thumb/v7e-m+fp/hard\libc_nano.a(libc_a-impure.o)
 .ARM.attributes
                0x000005bf       0x34 D:/ST/STM32CubeIDE_1.12.1/STM32CubeIDE/plugins/com.st.stm32cube.ide.mcu.externaltools.gnu-tools-for-stm32.12.3.rel1.win32_1.0.100.202403111256/tools/bin/../lib/gcc/arm-none-eabi/12.3.1/../../../../arm-none-eabi/lib/thumb/v7e-m+fp/hard\libc_nano.a(libc_a-errno.o)
 .ARM.attributes
                0x000005f3       0x34 D:/ST/STM32CubeIDE_1.12.1/STM32CubeIDE/plugins/com.st.stm32cube.ide.mcu.externaltools.gnu-tools-for-stm32.12.3.rel1.win32_1.0.100.202403111256/tools/bin/../lib/gcc/arm-none-eabi/12.3.1/../../../../arm-none-eabi/lib/thumb/v7e-m+fp/hard\libc_nano.a(libc_a-init.o)
 .ARM.attributes
                0x00000627       0x34 D:/ST/STM32CubeIDE_1.12.1/STM32CubeIDE/plugins/com.st.stm32cube.ide.mcu.externaltools.gnu-tools-for-stm32.12.3.rel1.win32_1.0.100.202403111256/tools/bin/../lib/gcc/arm-none-eabi/12.3.1/../../../../arm-none-eabi/lib/thumb/v7e-m+fp/hard\libc_nano.a(libc_a-lock.o)
 .ARM.attributes
                0x0000065b       0x17 D:/ST/STM32CubeIDE_1.12.1/STM32CubeIDE/plugins/com.st.stm32cube.ide.mcu.externaltools.gnu-tools-for-stm32.12.3.rel1.win32_1.0.100.202403111256/tools/bin/../lib/gcc/arm-none-eabi/12.3.1/../../../../arm-none-eabi/lib/thumb/v7e-m+fp/hard\libc_nano.a(libc_a-strlen.o)
 .ARM.attributes
                0x00000672       0x34 D:/ST/STM32CubeIDE_1.12.1/STM32CubeIDE/plugins/com.st.stm32cube.ide.mcu.externaltools.gnu-tools-for-stm32.12.3.rel1.win32_1.0.100.202403111256/tools/bin/../lib/gcc/arm-none-eabi/12.3.1/../../../../arm-none-eabi/lib/thumb/v7e-m+fp/hard\libc_nano.a(libc_a-freer.o)
 .ARM.attributes
                0x000006a6       0x34 D:/ST/STM32CubeIDE_1.12.1/STM32CubeIDE/plugins/com.st.stm32cube.ide.mcu.externaltools.gnu-tools-for-stm32.12.3.rel1.win32_1.0.100.202403111256/tools/bin/../lib/gcc/arm-none-eabi/12.3.1/../../../../arm-none-eabi/lib/thumb/v7e-m+fp/hard\libc_nano.a(libc_a-mallocr.o)
 .ARM.attributes
                0x000006da       0x34 D:/ST/STM32CubeIDE_1.12.1/STM32CubeIDE/plugins/com.st.stm32cube.ide.mcu.externaltools.gnu-tools-for-stm32.12.3.rel1.win32_1.0.100.202403111256/tools/bin/../lib/gcc/arm-none-eabi/12.3.1/../../../../arm-none-eabi/lib/thumb/v7e-m+fp/hard\libc_nano.a(libc_a-mlock.o)
 .ARM.attributes
                0x0000070e       0x34 D:/ST/STM32CubeIDE_1.12.1/STM32CubeIDE/plugins/com.st.stm32cube.ide.mcu.externaltools.gnu-tools-for-stm32.12.3.rel1.win32_1.0.100.202403111256/tools/bin/../lib/gcc/arm-none-eabi/12.3.1/../../../../arm-none-eabi/lib/thumb/v7e-m+fp/hard\libc_nano.a(libc_a-nano-svfprintf.o)
 .ARM.attributes
                0x00000742       0x34 D:/ST/STM32CubeIDE_1.12.1/STM32CubeIDE/plugins/com.st.stm32cube.ide.mcu.externaltools.gnu-tools-for-stm32.12.3.rel1.win32_1.0.100.202403111256/tools/bin/../lib/gcc/arm-none-eabi/12.3.1/../../../../arm-none-eabi/lib/thumb/v7e-m+fp/hard\libc_nano.a(libc_a-nano-vfprintf_i.o)
 .ARM.attributes
                0x00000776       0x34 D:/ST/STM32CubeIDE_1.12.1/STM32CubeIDE/plugins/com.st.stm32cube.ide.mcu.externaltools.gnu-tools-for-stm32.12.3.rel1.win32_1.0.100.202403111256/tools/bin/../lib/gcc/arm-none-eabi/12.3.1/../../../../arm-none-eabi/lib/thumb/v7e-m+fp/hard\libc_nano.a(libc_a-memmove.o)
 .ARM.attributes
                0x000007aa       0x34 D:/ST/STM32CubeIDE_1.12.1/STM32CubeIDE/plugins/com.st.stm32cube.ide.mcu.externaltools.gnu-tools-for-stm32.12.3.rel1.win32_1.0.100.202403111256/tools/bin/../lib/gcc/arm-none-eabi/12.3.1/../../../../arm-none-eabi/lib/thumb/v7e-m+fp/hard\libc_nano.a(libc_a-sbrkr.o)
 .ARM.attributes
                0x000007de       0x1c D:/ST/STM32CubeIDE_1.12.1/STM32CubeIDE/plugins/com.st.stm32cube.ide.mcu.externaltools.gnu-tools-for-stm32.12.3.rel1.win32_1.0.100.202403111256/tools/bin/../lib/gcc/arm-none-eabi/12.3.1/../../../../arm-none-eabi/lib/thumb/v7e-m+fp/hard\libc_nano.a(libc_a-memchr.o)
 .ARM.attributes
                0x000007fa       0x34 D:/ST/STM32CubeIDE_1.12.1/STM32CubeIDE/plugins/com.st.stm32cube.ide.mcu.externaltools.gnu-tools-for-stm32.12.3.rel1.win32_1.0.100.202403111256/tools/bin/../lib/gcc/arm-none-eabi/12.3.1/../../../../arm-none-eabi/lib/thumb/v7e-m+fp/hard\libc_nano.a(libc_a-memcpy-stub.o)
 .ARM.attributes
                0x0000082e       0x34 D:/ST/STM32CubeIDE_1.12.1/STM32CubeIDE/plugins/com.st.stm32cube.ide.mcu.externaltools.gnu-tools-for-stm32.12.3.rel1.win32_1.0.100.202403111256/tools/bin/../lib/gcc/arm-none-eabi/12.3.1/../../../../arm-none-eabi/lib/thumb/v7e-m+fp/hard\libc_nano.a(libc_a-reallocr.o)
 .ARM.attributes
                0x00000862       0x34 D:/ST/STM32CubeIDE_1.12.1/STM32CubeIDE/plugins/com.st.stm32cube.ide.mcu.externaltools.gnu-tools-for-stm32.12.3.rel1.win32_1.0.100.202403111256/tools/bin/../lib/gcc/arm-none-eabi/12.3.1/../../../../arm-none-eabi/lib/thumb/v7e-m+fp/hard\libc_nano.a(libc_a-msizer.o)
 .ARM.attributes
                0x00000896       0x22 D:/ST/STM32CubeIDE_1.12.1/STM32CubeIDE/plugins/com.st.stm32cube.ide.mcu.externaltools.gnu-tools-for-stm32.12.3.rel1.win32_1.0.100.202403111256/tools/bin/../lib/gcc/arm-none-eabi/12.3.1/thumb/v7e-m+fp/hard\libgcc.a(_aeabi_uldivmod.o)
 .ARM.attributes
                0x000008b8       0x34 D:/ST/STM32CubeIDE_1.12.1/STM32CubeIDE/plugins/com.st.stm32cube.ide.mcu.externaltools.gnu-tools-for-stm32.12.3.rel1.win32_1.0.100.202403111256/tools/bin/../lib/gcc/arm-none-eabi/12.3.1/thumb/v7e-m+fp/hard\libgcc.a(_udivmoddi4.o)
 .ARM.attributes
                0x000008ec       0x22 D:/ST/STM32CubeIDE_1.12.1/STM32CubeIDE/plugins/com.st.stm32cube.ide.mcu.externaltools.gnu-tools-for-stm32.12.3.rel1.win32_1.0.100.202403111256/tools/bin/../lib/gcc/arm-none-eabi/12.3.1/thumb/v7e-m+fp/hard\libgcc.a(_dvmd_tls.o)
 .ARM.attributes
                0x0000090e       0x22 D:/ST/STM32CubeIDE_1.12.1/STM32CubeIDE/plugins/com.st.stm32cube.ide.mcu.externaltools.gnu-tools-for-stm32.12.3.rel1.win32_1.0.100.202403111256/tools/bin/../lib/gcc/arm-none-eabi/12.3.1/thumb/v7e-m+fp/hard/crtn.o
OUTPUT(last-test-sd-card.elf elf32-littlearm)
LOAD linker stubs
LOAD D:/ST/STM32CubeIDE_1.12.1/STM32CubeIDE/plugins/com.st.stm32cube.ide.mcu.externaltools.gnu-tools-for-stm32.12.3.rel1.win32_1.0.100.202403111256/tools/bin/../lib/gcc/arm-none-eabi/12.3.1/../../../../arm-none-eabi/lib/thumb/v7e-m+fp/hard\libc.a
LOAD D:/ST/STM32CubeIDE_1.12.1/STM32CubeIDE/plugins/com.st.stm32cube.ide.mcu.externaltools.gnu-tools-for-stm32.12.3.rel1.win32_1.0.100.202403111256/tools/bin/../lib/gcc/arm-none-eabi/12.3.1/../../../../arm-none-eabi/lib/thumb/v7e-m+fp/hard\libm.a
LOAD D:/ST/STM32CubeIDE_1.12.1/STM32CubeIDE/plugins/com.st.stm32cube.ide.mcu.externaltools.gnu-tools-for-stm32.12.3.rel1.win32_1.0.100.202403111256/tools/bin/../lib/gcc/arm-none-eabi/12.3.1/thumb/v7e-m+fp/hard\libgcc.a

.debug_info     0x00000000     0xf32f
 .debug_info    0x00000000     0x193c ./Core/Src/main.o
 .debug_info    0x0000193c     0x1190 ./Core/Src/stm32f4xx_hal_msp.o
 .debug_info    0x00002acc      0x780 ./Core/Src/stm32f4xx_it.o
 .debug_info    0x0000324c      0x168 ./Core/Src/sysmem.o
 .debug_info    0x000033b4      0x512 ./Core/Src/system_stm32f4xx.o
 .debug_info    0x000038c6       0x30 ./Core/Startup/startup_stm32f407vetx.o
 .debug_info    0x000038f6      0x944 ./Drivers/STM32F4xx_HAL_Driver/Src/stm32f4xx_hal.o
 .debug_info    0x0000423a      0xd57 ./Drivers/STM32F4xx_HAL_Driver/Src/stm32f4xx_hal_cortex.o
 .debug_info    0x00004f91      0x8e7 ./Drivers/STM32F4xx_HAL_Driver/Src/stm32f4xx_hal_dma.o
 .debug_info    0x00005878      0x6c3 ./Drivers/STM32F4xx_HAL_Driver/Src/stm32f4xx_hal_gpio.o
 .debug_info    0x00005f3b      0x8b1 ./Drivers/STM32F4xx_HAL_Driver/Src/stm32f4xx_hal_rcc.o
 .debug_info    0x000067ec      0x53a ./Drivers/STM32F4xx_HAL_Driver/Src/stm32f4xx_hal_rcc_ex.o
 .debug_info    0x00006d26      0xc20 ./Drivers/STM32F4xx_HAL_Driver/Src/stm32f4xx_hal_rtc.o
 .debug_info    0x00007946      0xec2 ./Drivers/STM32F4xx_HAL_Driver/Src/stm32f4xx_hal_rtc_ex.o
 .debug_info    0x00008808     0x1c0a ./Drivers/STM32F4xx_HAL_Driver/Src/stm32f4xx_hal_sd.o
 .debug_info    0x0000a412     0x10c4 ./Drivers/STM32F4xx_HAL_Driver/Src/stm32f4xx_ll_sdmmc.o
 .debug_info    0x0000b4d6      0x4d9 ./FATFS/App/fatfs.o
 .debug_info    0x0000b9af      0xadc ./FATFS/Target/bsp_driver_sd.o
 .debug_info    0x0000c48b      0x569 ./FATFS/Target/sd_diskio.o
 .debug_info    0x0000c9f4      0x3df ./Middlewares/Third_Party/FatFs/src/diskio.o
 .debug_info    0x0000cdd3     0x21dd ./Middlewares/Third_Party/FatFs/src/ff.o
 .debug_info    0x0000efb0      0x37f ./Middlewares/Third_Party/FatFs/src/ff_gen_drv.o

.debug_abbrev   0x00000000     0x2b41
 .debug_abbrev  0x00000000      0x360 ./Core/Src/main.o
 .debug_abbrev  0x00000360      0x231 ./Core/Src/stm32f4xx_hal_msp.o
 .debug_abbrev  0x00000591      0x1ac ./Core/Src/stm32f4xx_it.o
 .debug_abbrev  0x0000073d       0xbc ./Core/Src/sysmem.o
 .debug_abbrev  0x000007f9      0x11a ./Core/Src/system_stm32f4xx.o
 .debug_abbrev  0x00000913       0x24 ./Core/Startup/startup_stm32f407vetx.o
 .debug_abbrev  0x00000937      0x214 ./Drivers/STM32F4xx_HAL_Driver/Src/stm32f4xx_hal.o
 .debug_abbrev  0x00000b4b      0x328 ./Drivers/STM32F4xx_HAL_Driver/Src/stm32f4xx_hal_cortex.o
 .debug_abbrev  0x00000e73      0x264 ./Drivers/STM32F4xx_HAL_Driver/Src/stm32f4xx_hal_dma.o
 .debug_abbrev  0x000010d7      0x1d4 ./Drivers/STM32F4xx_HAL_Driver/Src/stm32f4xx_hal_gpio.o
 .debug_abbrev  0x000012ab      0x2b6 ./Drivers/STM32F4xx_HAL_Driver/Src/stm32f4xx_hal_rcc.o
 .debug_abbrev  0x00001561      0x1af ./Drivers/STM32F4xx_HAL_Driver/Src/stm32f4xx_hal_rcc_ex.o
 .debug_abbrev  0x00001710      0x1ee ./Drivers/STM32F4xx_HAL_Driver/Src/stm32f4xx_hal_rtc.o
 .debug_abbrev  0x000018fe      0x207 ./Drivers/STM32F4xx_HAL_Driver/Src/stm32f4xx_hal_rtc_ex.o
 .debug_abbrev  0x00001b05      0x297 ./Drivers/STM32F4xx_HAL_Driver/Src/stm32f4xx_hal_sd.o
 .debug_abbrev  0x00001d9c      0x1d6 ./Drivers/STM32F4xx_HAL_Driver/Src/stm32f4xx_ll_sdmmc.o
 .debug_abbrev  0x00001f72      0x160 ./FATFS/App/fatfs.o
 .debug_abbrev  0x000020d2      0x2a2 ./FATFS/Target/bsp_driver_sd.o
 .debug_abbrev  0x00002374      0x22b ./FATFS/Target/sd_diskio.o
 .debug_abbrev  0x0000259f      0x181 ./Middlewares/Third_Party/FatFs/src/diskio.o
 .debug_abbrev  0x00002720      0x282 ./Middlewares/Third_Party/FatFs/src/ff.o
 .debug_abbrev  0x000029a2      0x19f ./Middlewares/Third_Party/FatFs/src/ff_gen_drv.o

.debug_aranges  0x00000000      0xe10
 .debug_aranges
                0x00000000       0x60 ./Core/Src/main.o
 .debug_aranges
                0x00000060       0x40 ./Core/Src/stm32f4xx_hal_msp.o
 .debug_aranges
                0x000000a0       0x78 ./Core/Src/stm32f4xx_it.o
 .debug_aranges
                0x00000118       0x20 ./Core/Src/sysmem.o
 .debug_aranges
                0x00000138       0x28 ./Core/Src/system_stm32f4xx.o
 .debug_aranges
                0x00000160       0x28 ./Core/Startup/startup_stm32f407vetx.o
 .debug_aranges
                0x00000188       0xf0 ./Drivers/STM32F4xx_HAL_Driver/Src/stm32f4xx_hal.o
 .debug_aranges
                0x00000278      0x120 ./Drivers/STM32F4xx_HAL_Driver/Src/stm32f4xx_hal_cortex.o
 .debug_aranges
                0x00000398       0x90 ./Drivers/STM32F4xx_HAL_Driver/Src/stm32f4xx_hal_dma.o
 .debug_aranges
                0x00000428       0x58 ./Drivers/STM32F4xx_HAL_Driver/Src/stm32f4xx_hal_gpio.o
 .debug_aranges
                0x00000480       0x88 ./Drivers/STM32F4xx_HAL_Driver/Src/stm32f4xx_hal_rcc.o
 .debug_aranges
                0x00000508       0x48 ./Drivers/STM32F4xx_HAL_Driver/Src/stm32f4xx_hal_rcc_ex.o
 .debug_aranges
                0x00000550       0xe8 ./Drivers/STM32F4xx_HAL_Driver/Src/stm32f4xx_hal_rtc.o
 .debug_aranges
                0x00000638      0x130 ./Drivers/STM32F4xx_HAL_Driver/Src/stm32f4xx_hal_rtc_ex.o
 .debug_aranges
                0x00000768      0x168 ./Drivers/STM32F4xx_HAL_Driver/Src/stm32f4xx_hal_sd.o
 .debug_aranges
                0x000008d0      0x188 ./Drivers/STM32F4xx_HAL_Driver/Src/stm32f4xx_ll_sdmmc.o
 .debug_aranges
                0x00000a58       0x28 ./FATFS/App/fatfs.o
 .debug_aranges
                0x00000a80       0xa0 ./FATFS/Target/bsp_driver_sd.o
 .debug_aranges
                0x00000b20       0x60 ./FATFS/Target/sd_diskio.o
 .debug_aranges
                0x00000b80       0x48 ./Middlewares/Third_Party/FatFs/src/diskio.o
 .debug_aranges
                0x00000bc8      0x208 ./Middlewares/Third_Party/FatFs/src/ff.o
 .debug_aranges
                0x00000dd0       0x40 ./Middlewares/Third_Party/FatFs/src/ff_gen_drv.o

.debug_rnglists
                0x00000000      0xa92
 .debug_rnglists
                0x00000000       0x46 ./Core/Src/main.o
 .debug_rnglists
                0x00000046       0x2c ./Core/Src/stm32f4xx_hal_msp.o
 .debug_rnglists
                0x00000072       0x55 ./Core/Src/stm32f4xx_it.o
 .debug_rnglists
                0x000000c7       0x13 ./Core/Src/sysmem.o
 .debug_rnglists
                0x000000da       0x1a ./Core/Src/system_stm32f4xx.o
 .debug_rnglists
                0x000000f4       0x19 ./Core/Startup/startup_stm32f407vetx.o
 .debug_rnglists
                0x0000010d       0xaf ./Drivers/STM32F4xx_HAL_Driver/Src/stm32f4xx_hal.o
 .debug_rnglists
                0x000001bc       0xd4 ./Drivers/STM32F4xx_HAL_Driver/Src/stm32f4xx_hal_cortex.o
 .debug_rnglists
                0x00000290       0x70 ./Drivers/STM32F4xx_HAL_Driver/Src/stm32f4xx_hal_dma.o
 .debug_rnglists
                0x00000300       0x3f ./Drivers/STM32F4xx_HAL_Driver/Src/stm32f4xx_hal_gpio.o
 .debug_rnglists
                0x0000033f       0x66 ./Drivers/STM32F4xx_HAL_Driver/Src/stm32f4xx_hal_rcc.o
 .debug_rnglists
                0x000003a5       0x35 ./Drivers/STM32F4xx_HAL_Driver/Src/stm32f4xx_hal_rcc_ex.o
 .debug_rnglists
                0x000003da       0xb4 ./Drivers/STM32F4xx_HAL_Driver/Src/stm32f4xx_hal_rtc.o
 .debug_rnglists
                0x0000048e       0xed ./Drivers/STM32F4xx_HAL_Driver/Src/stm32f4xx_hal_rtc_ex.o
 .debug_rnglists
                0x0000057b      0x121 ./Drivers/STM32F4xx_HAL_Driver/Src/stm32f4xx_hal_sd.o
 .debug_rnglists
                0x0000069c      0x125 ./Drivers/STM32F4xx_HAL_Driver/Src/stm32f4xx_ll_sdmmc.o
 .debug_rnglists
                0x000007c1       0x19 ./FATFS/App/fatfs.o
 .debug_rnglists
                0x000007da       0x73 ./FATFS/Target/bsp_driver_sd.o
 .debug_rnglists
                0x0000084d       0x46 ./FATFS/Target/sd_diskio.o
 .debug_rnglists
                0x00000893       0x31 ./Middlewares/Third_Party/FatFs/src/diskio.o
 .debug_rnglists
                0x000008c4      0x1a2 ./Middlewares/Third_Party/FatFs/src/ff.o
 .debug_rnglists
                0x00000a66       0x2c ./Middlewares/Third_Party/FatFs/src/ff_gen_drv.o

.debug_macro    0x00000000    0x23541
 .debug_macro   0x00000000      0x387 ./Core/Src/main.o
 .debug_macro   0x00000387      0xab4 ./Core/Src/main.o
 .debug_macro   0x00000e3b      0x29b ./Core/Src/main.o
 .debug_macro   0x000010d6       0x2e ./Core/Src/main.o
 .debug_macro   0x00001104       0x2f ./Core/Src/main.o
 .debug_macro   0x00001133       0x22 ./Core/Src/main.o
 .debug_macro   0x00001155       0x8e ./Core/Src/main.o
 .debug_macro   0x000011e3       0x51 ./Core/Src/main.o
 .debug_macro   0x00001234      0x103 ./Core/Src/main.o
 .debug_macro   0x00001337       0x6a ./Core/Src/main.o
 .debug_macro   0x000013a1      0x1df ./Core/Src/main.o
 .debug_macro   0x00001580       0x1c ./Core/Src/main.o
 .debug_macro   0x0000159c       0x22 ./Core/Src/main.o
 .debug_macro   0x000015be       0xfb ./Core/Src/main.o
 .debug_macro   0x000016b9     0x1011 ./Core/Src/main.o
 .debug_macro   0x000026ca      0x11f ./Core/Src/main.o
 .debug_macro   0x000027e9    0x15e97 ./Core/Src/main.o
 .debug_macro   0x00018680       0x6d ./Core/Src/main.o
 .debug_macro   0x000186ed     0x368c ./Core/Src/main.o
 .debug_macro   0x0001bd79      0x189 ./Core/Src/main.o
 .debug_macro   0x0001bf02       0x5c ./Core/Src/main.o
 .debug_macro   0x0001bf5e      0x980 ./Core/Src/main.o
 .debug_macro   0x0001c8de      0x9e9 ./Core/Src/main.o
 .debug_macro   0x0001d2c7      0x115 ./Core/Src/main.o
 .debug_macro   0x0001d3dc      0x13e ./Core/Src/main.o
 .debug_macro   0x0001d51a       0xa5 ./Core/Src/main.o
 .debug_macro   0x0001d5bf      0x174 ./Core/Src/main.o
 .debug_macro   0x0001d733      0x287 ./Core/Src/main.o
 .debug_macro   0x0001d9ba       0x5f ./Core/Src/main.o
 .debug_macro   0x0001da19      0x236 ./Core/Src/main.o
 .debug_macro   0x0001dc4f      0x12c ./Core/Src/main.o
 .debug_macro   0x0001dd7b      0x21e ./Core/Src/main.o
 .debug_macro   0x0001df99       0x2e ./Core/Src/main.o
 .debug_macro   0x0001dfc7      0x127 ./Core/Src/main.o
 .debug_macro   0x0001e0ee       0x7e ./Core/Src/main.o
 .debug_macro   0x0001e16c       0x89 ./Core/Src/main.o
 .debug_macro   0x0001e1f5      0x30c ./Core/Src/main.o
 .debug_macro   0x0001e501      0x44b ./Core/Src/main.o
 .debug_macro   0x0001e94c       0xeb ./Core/Src/main.o
 .debug_macro   0x0001ea37      0x868 ./Core/Src/main.o
 .debug_macro   0x0001f29f      0x1d5 ./Core/Src/main.o
 .debug_macro   0x0001f474      0x12d ./Core/Src/main.o
 .debug_macro   0x0001f5a1       0x3a ./Core/Src/main.o
 .debug_macro   0x0001f5db       0xe5 ./Core/Src/main.o
 .debug_macro   0x0001f6c0       0x2a ./Core/Src/main.o
 .debug_macro   0x0001f6ea       0x61 ./Core/Src/main.o
 .debug_macro   0x0001f74b       0x43 ./Core/Src/main.o
 .debug_macro   0x0001f78e       0x34 ./Core/Src/main.o
 .debug_macro   0x0001f7c2       0x16 ./Core/Src/main.o
 .debug_macro   0x0001f7d8       0x35 ./Core/Src/main.o
 .debug_macro   0x0001f80d       0x16 ./Core/Src/main.o
 .debug_macro   0x0001f823       0x43 ./Core/Src/main.o
 .debug_macro   0x0001f866       0x34 ./Core/Src/main.o
 .debug_macro   0x0001f89a       0x10 ./Core/Src/main.o
 .debug_macro   0x0001f8aa       0x58 ./Core/Src/main.o
 .debug_macro   0x0001f902       0x8e ./Core/Src/main.o
 .debug_macro   0x0001f990       0x1c ./Core/Src/main.o
 .debug_macro   0x0001f9ac      0x177 ./Core/Src/main.o
 .debug_macro   0x0001fb23      0x369 ./Core/Src/main.o
 .debug_macro   0x0001fe8c       0x16 ./Core/Src/main.o
 .debug_macro   0x0001fea2       0x29 ./Core/Src/main.o
 .debug_macro   0x0001fecb       0x12 ./Core/Src/main.o
 .debug_macro   0x0001fedd       0xe2 ./Core/Src/main.o
 .debug_macro   0x0001ffbf       0x8e ./Core/Src/main.o
 .debug_macro   0x0002004d       0x22 ./Core/Src/main.o
 .debug_macro   0x0002006f       0x16 ./Core/Src/main.o
 .debug_macro   0x00020085       0x20 ./Core/Src/main.o
 .debug_macro   0x000200a5       0x1c ./Core/Src/main.o
 .debug_macro   0x000200c1       0x10 ./Core/Src/main.o
 .debug_macro   0x000200d1       0x1c ./Core/Src/main.o
 .debug_macro   0x000200ed       0x16 ./Core/Src/main.o
 .debug_macro   0x00020103      0x146 ./Core/Src/main.o
 .debug_macro   0x00020249      0x1ec ./Core/Src/stm32f4xx_hal_msp.o
 .debug_macro   0x00020435      0x1f6 ./Core/Src/stm32f4xx_it.o
 .debug_macro   0x0002062b       0xff ./Core/Src/sysmem.o
 .debug_macro   0x0002072a      0x23c ./Core/Src/sysmem.o
 .debug_macro   0x00020966      0x1e2 ./Core/Src/system_stm32f4xx.o
 .debug_macro   0x00020b48      0x242 ./Drivers/STM32F4xx_HAL_Driver/Src/stm32f4xx_hal.o
 .debug_macro   0x00020d8a      0x1e2 ./Drivers/STM32F4xx_HAL_Driver/Src/stm32f4xx_hal_cortex.o
 .debug_macro   0x00020f6c      0x1e8 ./Drivers/STM32F4xx_HAL_Driver/Src/stm32f4xx_hal_dma.o
 .debug_macro   0x00021154      0x1e8 ./Drivers/STM32F4xx_HAL_Driver/Src/stm32f4xx_hal_gpio.o
 .debug_macro   0x0002133c      0x206 ./Drivers/STM32F4xx_HAL_Driver/Src/stm32f4xx_hal_rcc.o
 .debug_macro   0x00021542      0x1e2 ./Drivers/STM32F4xx_HAL_Driver/Src/stm32f4xx_hal_rcc_ex.o
 .debug_macro   0x00021724      0x1e3 ./Drivers/STM32F4xx_HAL_Driver/Src/stm32f4xx_hal_rtc.o
 .debug_macro   0x00021907      0x1e2 ./Drivers/STM32F4xx_HAL_Driver/Src/stm32f4xx_hal_rtc_ex.o
 .debug_macro   0x00021ae9      0x1e3 ./Drivers/STM32F4xx_HAL_Driver/Src/stm32f4xx_hal_sd.o
 .debug_macro   0x00021ccc      0x1e3 ./Drivers/STM32F4xx_HAL_Driver/Src/stm32f4xx_ll_sdmmc.o
 .debug_macro   0x00021eaf      0x31a ./FATFS/App/fatfs.o
 .debug_macro   0x000221c9      0x1f1 ./FATFS/Target/bsp_driver_sd.o
 .debug_macro   0x000223ba       0x34 ./FATFS/Target/bsp_driver_sd.o
 .debug_macro   0x000223ee      0x34d ./FATFS/Target/sd_diskio.o
 .debug_macro   0x0002273b       0x16 ./FATFS/Target/sd_diskio.o
 .debug_macro   0x00022751       0x7c ./FATFS/Target/sd_diskio.o
 .debug_macro   0x000227cd      0x307 ./Middlewares/Third_Party/FatFs/src/diskio.o
 .debug_macro   0x00022ad4      0x70e ./Middlewares/Third_Party/FatFs/src/ff.o
 .debug_macro   0x000231e2       0x58 ./Middlewares/Third_Party/FatFs/src/ff.o
 .debug_macro   0x0002323a      0x307 ./Middlewares/Third_Party/FatFs/src/ff_gen_drv.o

.debug_line     0x00000000    0x1320c
 .debug_line    0x00000000      0xb8d ./Core/Src/main.o
 .debug_line    0x00000b8d      0x877 ./Core/Src/stm32f4xx_hal_msp.o
 .debug_line    0x00001404      0x86f ./Core/Src/stm32f4xx_it.o
 .debug_line    0x00001c73      0x583 ./Core/Src/sysmem.o
 .debug_line    0x000021f6      0x7e9 ./Core/Src/system_stm32f4xx.o
 .debug_line    0x000029df       0x7a ./Core/Startup/startup_stm32f407vetx.o
 .debug_line    0x00002a59      0xa52 ./Drivers/STM32F4xx_HAL_Driver/Src/stm32f4xx_hal.o
 .debug_line    0x000034ab      0xd1a ./Drivers/STM32F4xx_HAL_Driver/Src/stm32f4xx_hal_cortex.o
 .debug_line    0x000041c5      0xfc2 ./Drivers/STM32F4xx_HAL_Driver/Src/stm32f4xx_hal_dma.o
 .debug_line    0x00005187      0xbde ./Drivers/STM32F4xx_HAL_Driver/Src/stm32f4xx_hal_gpio.o
 .debug_line    0x00005d65      0xdc5 ./Drivers/STM32F4xx_HAL_Driver/Src/stm32f4xx_hal_rcc.o
 .debug_line    0x00006b2a      0xa68 ./Drivers/STM32F4xx_HAL_Driver/Src/stm32f4xx_hal_rcc_ex.o
 .debug_line    0x00007592     0x1136 ./Drivers/STM32F4xx_HAL_Driver/Src/stm32f4xx_hal_rtc.o
 .debug_line    0x000086c8     0x14f6 ./Drivers/STM32F4xx_HAL_Driver/Src/stm32f4xx_hal_rtc_ex.o
 .debug_line    0x00009bbe     0x1f8b ./Drivers/STM32F4xx_HAL_Driver/Src/stm32f4xx_hal_sd.o
 .debug_line    0x0000bb49      0xfe1 ./Drivers/STM32F4xx_HAL_Driver/Src/stm32f4xx_ll_sdmmc.o
 .debug_line    0x0000cb2a      0x966 ./FATFS/App/fatfs.o
 .debug_line    0x0000d490      0x935 ./FATFS/Target/bsp_driver_sd.o
 .debug_line    0x0000ddc5      0xb77 ./FATFS/Target/sd_diskio.o
 .debug_line    0x0000e93c      0x9da ./Middlewares/Third_Party/FatFs/src/diskio.o
 .debug_line    0x0000f316     0x3501 ./Middlewares/Third_Party/FatFs/src/ff.o
 .debug_line    0x00012817      0x9f5 ./Middlewares/Third_Party/FatFs/src/ff_gen_drv.o

.debug_str      0x00000000    0xcdf3d
 .debug_str     0x00000000    0xc9ee2 ./Core/Src/main.o
                              0xca2a9 (size before relaxing)
 .debug_str     0x000c9ee2      0x1b8 ./Core/Src/stm32f4xx_hal_msp.o
                              0xc5eae (size before relaxing)
 .debug_str     0x000ca09a      0x11e ./Core/Src/stm32f4xx_it.o
                              0xc55d5 (size before relaxing)
 .debug_str     0x000ca1b8      0x4dc ./Core/Src/sysmem.o
                               0x60b5 (size before relaxing)
 .debug_str     0x000ca694       0xdb ./Core/Src/system_stm32f4xx.o
                              0xc51be (size before relaxing)
 .debug_str     0x000ca76f       0x44 ./Core/Startup/startup_stm32f407vetx.o
                                 0x68 (size before relaxing)
 .debug_str     0x000ca7b3      0x612 ./Drivers/STM32F4xx_HAL_Driver/Src/stm32f4xx_hal.o
                              0xc5d42 (size before relaxing)
 .debug_str     0x000cadc5      0x335 ./Drivers/STM32F4xx_HAL_Driver/Src/stm32f4xx_hal_cortex.o
                              0xc5a8c (size before relaxing)
 .debug_str     0x000cb0fa      0x2f9 ./Drivers/STM32F4xx_HAL_Driver/Src/stm32f4xx_hal_dma.o
                              0xc55d8 (size before relaxing)
 .debug_str     0x000cb3f3      0x15d ./Drivers/STM32F4xx_HAL_Driver/Src/stm32f4xx_hal_gpio.o
                              0xc5339 (size before relaxing)
 .debug_str     0x000cb550      0x233 ./Drivers/STM32F4xx_HAL_Driver/Src/stm32f4xx_hal_rcc.o
                              0xc55f2 (size before relaxing)
 .debug_str     0x000cb783       0xf9 ./Drivers/STM32F4xx_HAL_Driver/Src/stm32f4xx_hal_rcc_ex.o
                              0xc5310 (size before relaxing)
 .debug_str     0x000cb87c      0x29e ./Drivers/STM32F4xx_HAL_Driver/Src/stm32f4xx_hal_rtc.o
                              0xc562d (size before relaxing)
 .debug_str     0x000cbb1a      0x546 ./Drivers/STM32F4xx_HAL_Driver/Src/stm32f4xx_hal_rtc_ex.o
                              0xc5904 (size before relaxing)
 .debug_str     0x000cc060      0x8de ./Drivers/STM32F4xx_HAL_Driver/Src/stm32f4xx_hal_sd.o
                              0xc5f37 (size before relaxing)
 .debug_str     0x000cc93e      0x227 ./Drivers/STM32F4xx_HAL_Driver/Src/stm32f4xx_ll_sdmmc.o
                              0xc5645 (size before relaxing)
 .debug_str     0x000ccb65       0xd1 ./FATFS/App/fatfs.o
                              0xc8a9f (size before relaxing)
 .debug_str     0x000ccc36      0x164 ./FATFS/Target/bsp_driver_sd.o
                              0xc584d (size before relaxing)
 .debug_str     0x000ccd9a       0xcf ./FATFS/Target/sd_diskio.o
                              0xc8bdc (size before relaxing)
 .debug_str     0x000cce69       0x57 ./Middlewares/Third_Party/FatFs/src/diskio.o
                              0xc89ba (size before relaxing)
 .debug_str     0x000ccec0      0xfec ./Middlewares/Third_Party/FatFs/src/ff.o
                              0xc9c1d (size before relaxing)
 .debug_str     0x000cdeac       0x91 ./Middlewares/Third_Party/FatFs/src/ff_gen_drv.o
                              0xc8a0b (size before relaxing)

.comment        0x00000000       0x43
 .comment       0x00000000       0x43 ./Core/Src/main.o
                                 0x44 (size before relaxing)
 .comment       0x00000043       0x44 ./Core/Src/stm32f4xx_hal_msp.o
 .comment       0x00000043       0x44 ./Core/Src/stm32f4xx_it.o
 .comment       0x00000043       0x44 ./Core/Src/sysmem.o
 .comment       0x00000043       0x44 ./Core/Src/system_stm32f4xx.o
 .comment       0x00000043       0x44 ./Drivers/STM32F4xx_HAL_Driver/Src/stm32f4xx_hal.o
 .comment       0x00000043       0x44 ./Drivers/STM32F4xx_HAL_Driver/Src/stm32f4xx_hal_cortex.o
 .comment       0x00000043       0x44 ./Drivers/STM32F4xx_HAL_Driver/Src/stm32f4xx_hal_dma.o
 .comment       0x00000043       0x44 ./Drivers/STM32F4xx_HAL_Driver/Src/stm32f4xx_hal_gpio.o
 .comment       0x00000043       0x44 ./Drivers/STM32F4xx_HAL_Driver/Src/stm32f4xx_hal_rcc.o
 .comment       0x00000043       0x44 ./Drivers/STM32F4xx_HAL_Driver/Src/stm32f4xx_hal_rcc_ex.o
 .comment       0x00000043       0x44 ./Drivers/STM32F4xx_HAL_Driver/Src/stm32f4xx_hal_rtc.o
 .comment       0x00000043       0x44 ./Drivers/STM32F4xx_HAL_Driver/Src/stm32f4xx_hal_rtc_ex.o
 .comment       0x00000043       0x44 ./Drivers/STM32F4xx_HAL_Driver/Src/stm32f4xx_hal_sd.o
 .comment       0x00000043       0x44 ./Drivers/STM32F4xx_HAL_Driver/Src/stm32f4xx_ll_sdmmc.o
 .comment       0x00000043       0x44 ./FATFS/App/fatfs.o
 .comment       0x00000043       0x44 ./FATFS/Target/bsp_driver_sd.o
 .comment       0x00000043       0x44 ./FATFS/Target/sd_diskio.o
 .comment       0x00000043       0x44 ./Middlewares/Third_Party/FatFs/src/diskio.o
 .comment       0x00000043       0x44 ./Middlewares/Third_Party/FatFs/src/ff.o
 .comment       0x00000043       0x44 ./Middlewares/Third_Party/FatFs/src/ff_gen_drv.o

.debug_frame    0x00000000     0x3dcc
 .debug_frame   0x00000000      0x13c ./Core/Src/main.o
 .debug_frame   0x0000013c       0xcc ./Core/Src/stm32f4xx_hal_msp.o
 .debug_frame   0x00000208      0x158 ./Core/Src/stm32f4xx_it.o
 .debug_frame   0x00000360       0x34 ./Core/Src/sysmem.o